../Core/Src/stm32f1xx_it.c:59:7:int_to_bitstring_static	24	static
../Core/Src/stm32f1xx_it.c:83:6:NMI_Handler	4	static
../Core/Src/stm32f1xx_it.c:98:6:HardFault_Handler	4	static
../Core/Src/stm32f1xx_it.c:113:6:MemManage_Handler	4	static
../Core/Src/stm32f1xx_it.c:128:6:BusFault_Handler	4	static
../Core/Src/stm32f1xx_it.c:143:6:UsageFault_Handler	4	static
../Core/Src/stm32f1xx_it.c:158:6:SVC_Handler	16	static,ignoring_inline_asm
../Core/Src/stm32f1xx_it.c:184:6:DebugMon_Handler	4	static
../Core/Src/stm32f1xx_it.c:197:6:PendSV_Handler	4	static
../Core/Src/stm32f1xx_it.c:210:6:SysTick_Handler	8	static
../Core/Src/stm32f1xx_it.c:231:6:EXTI15_10_IRQHandler	8	static
../Core/Src/stm32f1xx_it.c:243:6:SVC_Handler_Main	40	static,ignoring_inline_asm
