../Core/Src/stm32f1xx_it.c:72:6:NMI_Handler	4	static
../Core/Src/stm32f1xx_it.c:87:6:HardFault_Handler	16	static,ignoring_inline_asm
../Core/Src/stm32f1xx_it.c:116:6:MemManage_Handler	4	static
../Core/Src/stm32f1xx_it.c:131:6:BusFault_Handler	4	static
../Core/Src/stm32f1xx_it.c:146:6:UsageFault_Handler	4	static
../Core/Src/stm32f1xx_it.c:160:6:SVC_Handler	4	static
../Core/Src/stm32f1xx_it.c:173:6:DebugMon_Handler	4	static
../Core/Src/stm32f1xx_it.c:186:6:PendSV_Handler	4	static
../Core/Src/stm32f1xx_it.c:199:6:SysTick_Handler	8	static
../Core/Src/stm32f1xx_it.c:220:6:EXTI15_10_IRQHandler	8	static
../Core/Src/stm32f1xx_it.c:234:6:HardFault_Handler_C	64	static
