18:07:00 **** Incremental Build of configuration Debug for project 00_CORTEX_10_NESTED_INTERRUPT_f103 ****
make -j7 all 
arm-none-eabi-gcc "../Core/Src/main.c" -mcpu=cortex-m3 -std=gnu11 -g3 -DDEBUG -DUSE_HAL_DRIVER -DSTM32F103xB -c -I../Core/Inc -I../Drivers/STM32F1xx_HAL_Driver/Inc -I../Drivers/STM32F1xx_HAL_Driver/Inc/Legacy -I../Drivers/CMSIS/Device/ST/STM32F1xx/Include -I../Drivers/CMSIS/Include -O0 -ffunction-sections -fdata-sections -Wall -fstack-usage -fcyclomatic-complexity -MMD -MP -MF"Core/Src/main.d" -MT"Core/Src/main.o" --specs=nano.specs -mfloat-abi=soft -mthumb -o "Core/Src/main.o"
arm-none-eabi-gcc "../Core/Src/stm32f1xx_it.c" -mcpu=cortex-m3 -std=gnu11 -g3 -DDEBUG -DUSE_HAL_DRIVER -DSTM32F103xB -c -I../Core/Inc -I../Drivers/STM32F1xx_HAL_Driver/Inc -I../Drivers/STM32F1xx_HAL_Driver/Inc/Legacy -I../Drivers/CMSIS/Device/ST/STM32F1xx/Include -I../Drivers/CMSIS/Include -O0 -ffunction-sections -fdata-sections -Wall -fstack-usage -fcyclomatic-complexity -MMD -MP -MF"Core/Src/stm32f1xx_it.d" -MT"Core/Src/stm32f1xx_it.o" --specs=nano.specs -mfloat-abi=soft -mthumb -o "Core/Src/stm32f1xx_it.o"
arm-none-eabi-gcc -o "00_CORTEX_10_NESTED_INTERRUPT_f103.elf" @"objects.list"   -mcpu=cortex-m3 -T"/Users/jinmin-u/STM32CubeIDE/workspace_1.19.0/00_CORTEX_10_NESTED_INTERRUPT_f103/STM32F103RBTX_FLASH.ld" --specs=nosys.specs -Wl,-Map="00_CORTEX_10_NESTED_INTERRUPT_f103.map" -Wl,--gc-sections -static --specs=nano.specs -mfloat-abi=soft -mthumb -Wl,--start-group -lc -lm -Wl,--end-group
/Applications/STM32CubeIDE.app/Contents/Eclipse/plugins/com.st.stm32cube.ide.mcu.externaltools.gnu-tools-for-stm32.13.3.rel1.macos64_1.0.0.202411102158/tools/bin/../lib/gcc/arm-none-eabi/13.3.1/../../../../arm-none-eabi/bin/ld: warning: 00_CORTEX_10_NESTED_INTERRUPT_f103.elf has a LOAD segment with RWX permissions
Finished building target: 00_CORTEX_10_NESTED_INTERRUPT_f103.elf
 
arm-none-eabi-size  00_CORTEX_10_NESTED_INTERRUPT_f103.elf 
arm-none-eabi-objdump -h -S 00_CORTEX_10_NESTED_INTERRUPT_f103.elf  > "00_CORTEX_10_NESTED_INTERRUPT_f103.list"
   text	   data	    bss	    dec	    hex	filename
  11164	    112	   1976	  13252	   33c4	00_CORTEX_10_NESTED_INTERRUPT_f103.elf
Finished building: default.size.stdout
 
Finished building: 00_CORTEX_10_NESTED_INTERRUPT_f103.list
 

18:07:01 Build Finished. 0 errors, 1 warnings. (took 943ms)

