14:21:47 **** Incremental Build of configuration Debug for project 03_RCC_02_DHRYSTONE_f103 ****
make -j7 all 
arm-none-eabi-gcc "../Core/Src/systick-timer.c" -mcpu=cortex-m3 -std=gnu11 -g3 -DDEBUG -DUSE_HAL_DRIVER -DSTM32F103xB -c -I../Core/Inc -I../Drivers/STM32F1xx_HAL_Driver/Inc -I../Drivers/STM32F1xx_HAL_Driver/Inc/Legacy -I../Drivers/CMSIS/Device/ST/STM32F1xx/Include -I../Drivers/CMSIS/Include -O0 -ffunction-sections -fdata-sections -Wall -fstack-usage -fcyclomatic-complexity -MMD -MP -MF"Core/Src/systick-timer.d" -MT"Core/Src/systick-timer.o" --specs=nano.specs -mfloat-abi=soft -mthumb -o "Core/Src/systick-timer.o"
../Core/Src/systick-timer.c: In function 'do_dhry':
../Core/Src/systick-timer.c:102:44: warning: format '%lu' expects argument of type 'long unsigned int', but argument 4 has type 'uint64_t' {aka 'long long unsigned int'} [-Wformat=]
  102 |         printf("%d iterations in %lu ms: %lu/s, %lu DMIPS\n", iterations,
      |                                          ~~^
      |                                            |
      |                                            long unsigned int
      |                                          %llu
  103 |                duration, dhry_per_sec, vax_mips);
      |                          ~~~~~~~~~~~~       
      |                          |
      |                          uint64_t {aka long long unsigned int}
arm-none-eabi-gcc -o "03_RCC_02_DHRYSTONE_f103.elf" @"objects.list"   -mcpu=cortex-m3 -T"/Users/jinmin-u/STM32CubeIDE/workspace_1.19.0/03_RCC_02_DHRYSTONE_f103/STM32F103RBTX_FLASH.ld" --specs=nosys.specs -Wl,-Map="03_RCC_02_DHRYSTONE_f103.map" -Wl,--gc-sections -static --specs=nano.specs -mfloat-abi=soft -mthumb -Wl,--start-group -lc -lm -Wl,--end-group
/Applications/STM32CubeIDE.app/Contents/Eclipse/plugins/com.st.stm32cube.ide.mcu.externaltools.gnu-tools-for-stm32.13.3.rel1.macos64_1.0.0.202411102158/tools/bin/../lib/gcc/arm-none-eabi/13.3.1/../../../../arm-none-eabi/bin/ld: warning: 03_RCC_02_DHRYSTONE_f103.elf has a LOAD segment with RWX permissions
Finished building target: 03_RCC_02_DHRYSTONE_f103.elf
 
arm-none-eabi-size  03_RCC_02_DHRYSTONE_f103.elf 
arm-none-eabi-objdump -h -S 03_RCC_02_DHRYSTONE_f103.elf  > "03_RCC_02_DHRYSTONE_f103.list"
   text	   data	    bss	    dec	    hex	filename
  13880	    112	  12216	  26208	   6660	03_RCC_02_DHRYSTONE_f103.elf
Finished building: default.size.stdout
 
Finished building: 03_RCC_02_DHRYSTONE_f103.list
 

14:21:48 Build Finished. 0 errors, 2 warnings. (took 684ms)

