14:15:55 **** Incremental Build of configuration Debug for project 03_RCC_02_DHRYSTONE_f103 ****
make -j7 all 
arm-none-eabi-gcc "../Core/Src/systick-timer.c" -mcpu=cortex-m3 -std=gnu11 -g3 -DDEBUG -DUSE_HAL_DRIVER -DSTM32F103xB -c -I../Core/Inc -I../Drivers/STM32F1xx_HAL_Driver/Inc -I../Drivers/STM32F1xx_HAL_Driver/Inc/Legacy -I../Drivers/CMSIS/Device/ST/STM32F1xx/Include -I../Drivers/CMSIS/Include -O0 -ffunction-sections -fdata-sections -Wall -fstack-usage -fcyclomatic-complexity -MMD -MP -MF"Core/Src/systick-timer.d" -MT"Core/Src/systick-timer.o" --specs=nano.specs -mfloat-abi=soft -mthumb -o "Core/Src/systick-timer.o"
../Core/Src/systick-timer.c: In function 'do_dhry':
../Core/Src/systick-timer.c:102:44: warning: format '%lu' expects argument of type 'long unsigned int', but argument 4 has type 'uint64_t' {aka 'long long unsigned int'} [-Wformat=]
  102 |         printf("%d iterations in %lu ms: %lu/s, %lu DMIPS\n", iterations,
      |                                          ~~^
      |                                            |
      |                                            long unsigned int
      |                                          %llu
  103 |                duration, dhry_per_sec, vax_mips);
      |                          ~~~~~~~~~~~~       
      |                          |
      |                          uint64_t {aka long long unsigned int}
arm-none-eabi-gcc -o "03_RCC_02_DHRYSTONE_f103.elf" @"objects.list"   -mcpu=cortex-m3 -T"/Users/jinmin-u/STM32CubeIDE/workspace_1.19.0/03_RCC_02_DHRYSTONE_f103/STM32F103RBTX_FLASH.ld" --specs=nosys.specs -Wl,-Map="03_RCC_02_DHRYSTONE_f103.map" -Wl,--gc-sections -static --specs=nano.specs -mfloat-abi=soft -mthumb -Wl,--start-group -lc -lm -Wl,--end-group
/Applications/STM32CubeIDE.app/Contents/Eclipse/plugins/com.st.stm32cube.ide.mcu.externaltools.gnu-tools-for-stm32.13.3.rel1.macos64_1.0.0.202411102158/tools/bin/../lib/gcc/arm-none-eabi/13.3.1/../../../../arm-none-eabi/bin/ld: warning: 03_RCC_02_DHRYSTONE_f103.elf has a LOAD segment with RWX permissions
Finished building target: 03_RCC_02_DHRYSTONE_f103.elf
 
arm-none-eabi-size  03_RCC_02_DHRYSTONE_f103.elf 
arm-none-eabi-objdump -h -S 03_RCC_02_DHRYSTONE_f103.elf  > "03_RCC_02_DHRYSTONE_f103.list"
   text	   data	    bss	    dec	    hex	filename
  13880	    112	  12216	  26208	   6660	03_RCC_02_DHRYSTONE_f103.elf
Finished building: default.size.stdout
 
Finished building: 03_RCC_02_DHRYSTONE_f103.list
 
14:15:59 **** Incremental Build of configuration Debug for project 03_RCC_02_DHRYSTONE_f103 ****
make -j7 all 
arm-none-eabi-size  03_RCC_02_DHRYSTONE_f103.elf 
   text	   data	    bss	    dec	    hex	filename
  13880	    112	  12216	  26208	   6660	03_RCC_02_DHRYSTONE_f103.elf
Finished building: default.size.stdout
 
14:18:29 **** Incremental Build of configuration Debug for project 03_RCC_02_DHRYSTONE_f103 ****
make -j7 all 
arm-none-eabi-gcc "../Core/Src/systick-timer.c" -mcpu=cortex-m3 -std=gnu11 -g3 -DDEBUG -DUSE_HAL_DRIVER -DSTM32F103xB -c -I../Core/Inc -I../Drivers/STM32F1xx_HAL_Driver/Inc -I../Drivers/STM32F1xx_HAL_Driver/Inc/Legacy -I../Drivers/CMSIS/Device/ST/STM32F1xx/Include -I../Drivers/CMSIS/Include -O0 -ffunction-sections -fdata-sections -Wall -fstack-usage -fcyclomatic-complexity -MMD -MP -MF"Core/Src/systick-timer.d" -MT"Core/Src/systick-timer.o" --specs=nano.specs -mfloat-abi=soft -mthumb -o "Core/Src/systick-timer.o"
../Core/Src/systick-timer.c: In function 'do_dhry':
../Core/Src/systick-timer.c:103:27: error: 'ulong' undeclared (first use in this function)
  103 |                duration, (ulong)dhry_per_sec, vax_mips);
      |                           ^~~~~
../Core/Src/systick-timer.c:103:27: note: each undeclared identifier is reported only once for each function it appears in
../Core/Src/systick-timer.c:103:33: error: expected ')' before 'dhry_per_sec'
  103 |                duration, (ulong)dhry_per_sec, vax_mips);
      |                                 ^~~~~~~~~~~~
      |                                 )
../Core/Src/systick-timer.c:102:15: note: to match this '('
  102 |         printf("%d iterations in %lu ms: %lu/s, %lu DMIPS\n", iterations,
      |               ^
../Core/Src/systick-timer.c:87:35: warning: variable 'vax_mips' set but not used [-Wunused-but-set-variable]
   87 |         uint32_t start, duration, vax_mips;
      |                                   ^~~~~~~~
make: *** [Core/Src/subdir.mk:43: Core/Src/systick-timer.o] Error 1
"make -j7 all" terminated with exit code 2. Build might be incomplete.
14:20:20 **** Incremental Build of configuration Debug for project 03_RCC_02_DHRYSTONE_f103 ****
make -j7 all 
arm-none-eabi-gcc "../Core/Src/systick-timer.c" -mcpu=cortex-m3 -std=gnu11 -g3 -DDEBUG -DUSE_HAL_DRIVER -DSTM32F103xB -c -I../Core/Inc -I../Drivers/STM32F1xx_HAL_Driver/Inc -I../Drivers/STM32F1xx_HAL_Driver/Inc/Legacy -I../Drivers/CMSIS/Device/ST/STM32F1xx/Include -I../Drivers/CMSIS/Include -O0 -ffunction-sections -fdata-sections -Wall -fstack-usage -fcyclomatic-complexity -MMD -MP -MF"Core/Src/systick-timer.d" -MT"Core/Src/systick-timer.o" --specs=nano.specs -mfloat-abi=soft -mthumb -o "Core/Src/systick-timer.o"
../Core/Src/systick-timer.c: In function 'do_dhry':
../Core/Src/systick-timer.c:103:27: error: 'ulong' undeclared (first use in this function)
  103 |                duration, (ulong)dhry_per_sec, vax_mips);
      |                           ^~~~~
../Core/Src/systick-timer.c:103:27: note: each undeclared identifier is reported only once for each function it appears in
../Core/Src/systick-timer.c:103:33: error: expected ')' before 'dhry_per_sec'
  103 |                duration, (ulong)dhry_per_sec, vax_mips);
      |                                 ^~~~~~~~~~~~
      |                                 )
../Core/Src/systick-timer.c:102:15: note: to match this '('
  102 |         printf("%d iterations in %lu ms: %lu/s, %lu DMIPS\n", iterations,
      |               ^
../Core/Src/systick-timer.c:87:35: warning: variable 'vax_mips' set but not used [-Wunused-but-set-variable]
   87 |         uint32_t start, duration, vax_mips;
      |                                   ^~~~~~~~
make: *** [Core/Src/subdir.mk:43: Core/Src/systick-timer.o] Error 1
"make -j7 all" terminated with exit code 2. Build might be incomplete.
14:20:30 **** Incremental Build of configuration Debug for project 03_RCC_02_DHRYSTONE_f103 ****
make -j7 all 
arm-none-eabi-gcc "../Core/Src/systick-timer.c" -mcpu=cortex-m3 -std=gnu11 -g3 -DDEBUG -DUSE_HAL_DRIVER -DSTM32F103xB -c -I../Core/Inc -I../Drivers/STM32F1xx_HAL_Driver/Inc -I../Drivers/STM32F1xx_HAL_Driver/Inc/Legacy -I../Drivers/CMSIS/Device/ST/STM32F1xx/Include -I../Drivers/CMSIS/Include -O0 -ffunction-sections -fdata-sections -Wall -fstack-usage -fcyclomatic-complexity -MMD -MP -MF"Core/Src/systick-timer.d" -MT"Core/Src/systick-timer.o" --specs=nano.specs -mfloat-abi=soft -mthumb -o "Core/Src/systick-timer.o"
../Core/Src/systick-timer.c: In function 'do_dhry':
../Core/Src/systick-timer.c:102:44: warning: format '%lu' expects argument of type 'long unsigned int', but argument 4 has type 'uint64_t' {aka 'long long unsigned int'} [-Wformat=]
  102 |         printf("%d iterations in %lu ms: %lu/s, %lu DMIPS\n", iterations,
      |                                          ~~^
      |                                            |
      |                                            long unsigned int
      |                                          %llu
  103 |                duration, dhry_per_sec, vax_mips);
      |                          ~~~~~~~~~~~~       
      |                          |
      |                          uint64_t {aka long long unsigned int}
arm-none-eabi-gcc -o "03_RCC_02_DHRYSTONE_f103.elf" @"objects.list"   -mcpu=cortex-m3 -T"/Users/jinmin-u/STM32CubeIDE/workspace_1.19.0/03_RCC_02_DHRYSTONE_f103/STM32F103RBTX_FLASH.ld" --specs=nosys.specs -Wl,-Map="03_RCC_02_DHRYSTONE_f103.map" -Wl,--gc-sections -static --specs=nano.specs -mfloat-abi=soft -mthumb -Wl,--start-group -lc -lm -Wl,--end-group
/Applications/STM32CubeIDE.app/Contents/Eclipse/plugins/com.st.stm32cube.ide.mcu.externaltools.gnu-tools-for-stm32.13.3.rel1.macos64_1.0.0.202411102158/tools/bin/../lib/gcc/arm-none-eabi/13.3.1/../../../../arm-none-eabi/bin/ld: warning: 03_RCC_02_DHRYSTONE_f103.elf has a LOAD segment with RWX permissions
Finished building target: 03_RCC_02_DHRYSTONE_f103.elf
 
arm-none-eabi-size  03_RCC_02_DHRYSTONE_f103.elf 
arm-none-eabi-objdump -h -S 03_RCC_02_DHRYSTONE_f103.elf  > "03_RCC_02_DHRYSTONE_f103.list"
   text	   data	    bss	    dec	    hex	filename
  13880	    112	  12216	  26208	   6660	03_RCC_02_DHRYSTONE_f103.elf
Finished building: default.size.stdout
 
Finished building: 03_RCC_02_DHRYSTONE_f103.list
 
14:21:47 **** Incremental Build of configuration Debug for project 03_RCC_02_DHRYSTONE_f103 ****
make -j7 all 
arm-none-eabi-gcc "../Core/Src/systick-timer.c" -mcpu=cortex-m3 -std=gnu11 -g3 -DDEBUG -DUSE_HAL_DRIVER -DSTM32F103xB -c -I../Core/Inc -I../Drivers/STM32F1xx_HAL_Driver/Inc -I../Drivers/STM32F1xx_HAL_Driver/Inc/Legacy -I../Drivers/CMSIS/Device/ST/STM32F1xx/Include -I../Drivers/CMSIS/Include -O0 -ffunction-sections -fdata-sections -Wall -fstack-usage -fcyclomatic-complexity -MMD -MP -MF"Core/Src/systick-timer.d" -MT"Core/Src/systick-timer.o" --specs=nano.specs -mfloat-abi=soft -mthumb -o "Core/Src/systick-timer.o"
../Core/Src/systick-timer.c: In function 'do_dhry':
../Core/Src/systick-timer.c:102:44: warning: format '%lu' expects argument of type 'long unsigned int', but argument 4 has type 'uint64_t' {aka 'long long unsigned int'} [-Wformat=]
  102 |         printf("%d iterations in %lu ms: %lu/s, %lu DMIPS\n", iterations,
      |                                          ~~^
      |                                            |
      |                                            long unsigned int
      |                                          %llu
  103 |                duration, dhry_per_sec, vax_mips);
      |                          ~~~~~~~~~~~~       
      |                          |
      |                          uint64_t {aka long long unsigned int}
arm-none-eabi-gcc -o "03_RCC_02_DHRYSTONE_f103.elf" @"objects.list"   -mcpu=cortex-m3 -T"/Users/jinmin-u/STM32CubeIDE/workspace_1.19.0/03_RCC_02_DHRYSTONE_f103/STM32F103RBTX_FLASH.ld" --specs=nosys.specs -Wl,-Map="03_RCC_02_DHRYSTONE_f103.map" -Wl,--gc-sections -static --specs=nano.specs -mfloat-abi=soft -mthumb -Wl,--start-group -lc -lm -Wl,--end-group
/Applications/STM32CubeIDE.app/Contents/Eclipse/plugins/com.st.stm32cube.ide.mcu.externaltools.gnu-tools-for-stm32.13.3.rel1.macos64_1.0.0.202411102158/tools/bin/../lib/gcc/arm-none-eabi/13.3.1/../../../../arm-none-eabi/bin/ld: warning: 03_RCC_02_DHRYSTONE_f103.elf has a LOAD segment with RWX permissions
Finished building target: 03_RCC_02_DHRYSTONE_f103.elf
 
arm-none-eabi-size  03_RCC_02_DHRYSTONE_f103.elf 
arm-none-eabi-objdump -h -S 03_RCC_02_DHRYSTONE_f103.elf  > "03_RCC_02_DHRYSTONE_f103.list"
   text	   data	    bss	    dec	    hex	filename
  13880	    112	  12216	  26208	   6660	03_RCC_02_DHRYSTONE_f103.elf
Finished building: default.size.stdout
 
Finished building: 03_RCC_02_DHRYSTONE_f103.list
 
15:10:26 **** Build of configuration Debug for project 01_GPIO_07_INTERNAL_LED_FLASH_BITBANDING_f103 ****
make -j7 all 
arm-none-eabi-gcc "../Drivers/STM32F1xx_HAL_Driver/Src/stm32f1xx_hal.c" -mcpu=cortex-m3 -std=gnu11 -g3 -DDEBUG -DUSE_HAL_DRIVER -DSTM32F103xB -c -I../Core/Inc -I../Drivers/STM32F1xx_HAL_Driver/Inc -I../Drivers/STM32F1xx_HAL_Driver/Inc/Legacy -I../Drivers/CMSIS/Device/ST/STM32F1xx/Include -I../Drivers/CMSIS/Include -O0 -ffunction-sections -fdata-sections -Wall -fstack-usage -fcyclomatic-complexity -MMD -MP -MF"Drivers/STM32F1xx_HAL_Driver/Src/stm32f1xx_hal.d" -MT"Drivers/STM32F1xx_HAL_Driver/Src/stm32f1xx_hal.o" --specs=nano.specs -mfloat-abi=soft -mthumb -o "Drivers/STM32F1xx_HAL_Driver/Src/stm32f1xx_hal.o"
arm-none-eabi-gcc "../Drivers/STM32F1xx_HAL_Driver/Src/stm32f1xx_hal_cortex.c" -mcpu=cortex-m3 -std=gnu11 -g3 -DDEBUG -DUSE_HAL_DRIVER -DSTM32F103xB -c -I../Core/Inc -I../Drivers/STM32F1xx_HAL_Driver/Inc -I../Drivers/STM32F1xx_HAL_Driver/Inc/Legacy -I../Drivers/CMSIS/Device/ST/STM32F1xx/Include -I../Drivers/CMSIS/Include -O0 -ffunction-sections -fdata-sections -Wall -fstack-usage -fcyclomatic-complexity -MMD -MP -MF"Drivers/STM32F1xx_HAL_Driver/Src/stm32f1xx_hal_cortex.d" -MT"Drivers/STM32F1xx_HAL_Driver/Src/stm32f1xx_hal_cortex.o" --specs=nano.specs -mfloat-abi=soft -mthumb -o "Drivers/STM32F1xx_HAL_Driver/Src/stm32f1xx_hal_cortex.o"
arm-none-eabi-gcc "../Drivers/STM32F1xx_HAL_Driver/Src/stm32f1xx_hal_dma.c" -mcpu=cortex-m3 -std=gnu11 -g3 -DDEBUG -DUSE_HAL_DRIVER -DSTM32F103xB -c -I../Core/Inc -I../Drivers/STM32F1xx_HAL_Driver/Inc -I../Drivers/STM32F1xx_HAL_Driver/Inc/Legacy -I../Drivers/CMSIS/Device/ST/STM32F1xx/Include -I../Drivers/CMSIS/Include -O0 -ffunction-sections -fdata-sections -Wall -fstack-usage -fcyclomatic-complexity -MMD -MP -MF"Drivers/STM32F1xx_HAL_Driver/Src/stm32f1xx_hal_dma.d" -MT"Drivers/STM32F1xx_HAL_Driver/Src/stm32f1xx_hal_dma.o" --specs=nano.specs -mfloat-abi=soft -mthumb -o "Drivers/STM32F1xx_HAL_Driver/Src/stm32f1xx_hal_dma.o"
arm-none-eabi-gcc "../Drivers/STM32F1xx_HAL_Driver/Src/stm32f1xx_hal_exti.c" -mcpu=cortex-m3 -std=gnu11 -g3 -DDEBUG -DUSE_HAL_DRIVER -DSTM32F103xB -c -I../Core/Inc -I../Drivers/STM32F1xx_HAL_Driver/Inc -I../Drivers/STM32F1xx_HAL_Driver/Inc/Legacy -I../Drivers/CMSIS/Device/ST/STM32F1xx/Include -I../Drivers/CMSIS/Include -O0 -ffunction-sections -fdata-sections -Wall -fstack-usage -fcyclomatic-complexity -MMD -MP -MF"Drivers/STM32F1xx_HAL_Driver/Src/stm32f1xx_hal_exti.d" -MT"Drivers/STM32F1xx_HAL_Driver/Src/stm32f1xx_hal_exti.o" --specs=nano.specs -mfloat-abi=soft -mthumb -o "Drivers/STM32F1xx_HAL_Driver/Src/stm32f1xx_hal_exti.o"
arm-none-eabi-gcc "../Drivers/STM32F1xx_HAL_Driver/Src/stm32f1xx_hal_flash.c" -mcpu=cortex-m3 -std=gnu11 -g3 -DDEBUG -DUSE_HAL_DRIVER -DSTM32F103xB -c -I../Core/Inc -I../Drivers/STM32F1xx_HAL_Driver/Inc -I../Drivers/STM32F1xx_HAL_Driver/Inc/Legacy -I../Drivers/CMSIS/Device/ST/STM32F1xx/Include -I../Drivers/CMSIS/Include -O0 -ffunction-sections -fdata-sections -Wall -fstack-usage -fcyclomatic-complexity -MMD -MP -MF"Drivers/STM32F1xx_HAL_Driver/Src/stm32f1xx_hal_flash.d" -MT"Drivers/STM32F1xx_HAL_Driver/Src/stm32f1xx_hal_flash.o" --specs=nano.specs -mfloat-abi=soft -mthumb -o "Drivers/STM32F1xx_HAL_Driver/Src/stm32f1xx_hal_flash.o"
arm-none-eabi-gcc "../Drivers/STM32F1xx_HAL_Driver/Src/stm32f1xx_hal_flash_ex.c" -mcpu=cortex-m3 -std=gnu11 -g3 -DDEBUG -DUSE_HAL_DRIVER -DSTM32F103xB -c -I../Core/Inc -I../Drivers/STM32F1xx_HAL_Driver/Inc -I../Drivers/STM32F1xx_HAL_Driver/Inc/Legacy -I../Drivers/CMSIS/Device/ST/STM32F1xx/Include -I../Drivers/CMSIS/Include -O0 -ffunction-sections -fdata-sections -Wall -fstack-usage -fcyclomatic-complexity -MMD -MP -MF"Drivers/STM32F1xx_HAL_Driver/Src/stm32f1xx_hal_flash_ex.d" -MT"Drivers/STM32F1xx_HAL_Driver/Src/stm32f1xx_hal_flash_ex.o" --specs=nano.specs -mfloat-abi=soft -mthumb -o "Drivers/STM32F1xx_HAL_Driver/Src/stm32f1xx_hal_flash_ex.o"
arm-none-eabi-gcc "../Drivers/STM32F1xx_HAL_Driver/Src/stm32f1xx_hal_gpio.c" -mcpu=cortex-m3 -std=gnu11 -g3 -DDEBUG -DUSE_HAL_DRIVER -DSTM32F103xB -c -I../Core/Inc -I../Drivers/STM32F1xx_HAL_Driver/Inc -I../Drivers/STM32F1xx_HAL_Driver/Inc/Legacy -I../Drivers/CMSIS/Device/ST/STM32F1xx/Include -I../Drivers/CMSIS/Include -O0 -ffunction-sections -fdata-sections -Wall -fstack-usage -fcyclomatic-complexity -MMD -MP -MF"Drivers/STM32F1xx_HAL_Driver/Src/stm32f1xx_hal_gpio.d" -MT"Drivers/STM32F1xx_HAL_Driver/Src/stm32f1xx_hal_gpio.o" --specs=nano.specs -mfloat-abi=soft -mthumb -o "Drivers/STM32F1xx_HAL_Driver/Src/stm32f1xx_hal_gpio.o"
arm-none-eabi-gcc "../Drivers/STM32F1xx_HAL_Driver/Src/stm32f1xx_hal_gpio_ex.c" -mcpu=cortex-m3 -std=gnu11 -g3 -DDEBUG -DUSE_HAL_DRIVER -DSTM32F103xB -c -I../Core/Inc -I../Drivers/STM32F1xx_HAL_Driver/Inc -I../Drivers/STM32F1xx_HAL_Driver/Inc/Legacy -I../Drivers/CMSIS/Device/ST/STM32F1xx/Include -I../Drivers/CMSIS/Include -O0 -ffunction-sections -fdata-sections -Wall -fstack-usage -fcyclomatic-complexity -MMD -MP -MF"Drivers/STM32F1xx_HAL_Driver/Src/stm32f1xx_hal_gpio_ex.d" -MT"Drivers/STM32F1xx_HAL_Driver/Src/stm32f1xx_hal_gpio_ex.o" --specs=nano.specs -mfloat-abi=soft -mthumb -o "Drivers/STM32F1xx_HAL_Driver/Src/stm32f1xx_hal_gpio_ex.o"
arm-none-eabi-gcc "../Drivers/STM32F1xx_HAL_Driver/Src/stm32f1xx_hal_pwr.c" -mcpu=cortex-m3 -std=gnu11 -g3 -DDEBUG -DUSE_HAL_DRIVER -DSTM32F103xB -c -I../Core/Inc -I../Drivers/STM32F1xx_HAL_Driver/Inc -I../Drivers/STM32F1xx_HAL_Driver/Inc/Legacy -I../Drivers/CMSIS/Device/ST/STM32F1xx/Include -I../Drivers/CMSIS/Include -O0 -ffunction-sections -fdata-sections -Wall -fstack-usage -fcyclomatic-complexity -MMD -MP -MF"Drivers/STM32F1xx_HAL_Driver/Src/stm32f1xx_hal_pwr.d" -MT"Drivers/STM32F1xx_HAL_Driver/Src/stm32f1xx_hal_pwr.o" --specs=nano.specs -mfloat-abi=soft -mthumb -o "Drivers/STM32F1xx_HAL_Driver/Src/stm32f1xx_hal_pwr.o"
arm-none-eabi-gcc "../Drivers/STM32F1xx_HAL_Driver/Src/stm32f1xx_hal_rcc.c" -mcpu=cortex-m3 -std=gnu11 -g3 -DDEBUG -DUSE_HAL_DRIVER -DSTM32F103xB -c -I../Core/Inc -I../Drivers/STM32F1xx_HAL_Driver/Inc -I../Drivers/STM32F1xx_HAL_Driver/Inc/Legacy -I../Drivers/CMSIS/Device/ST/STM32F1xx/Include -I../Drivers/CMSIS/Include -O0 -ffunction-sections -fdata-sections -Wall -fstack-usage -fcyclomatic-complexity -MMD -MP -MF"Drivers/STM32F1xx_HAL_Driver/Src/stm32f1xx_hal_rcc.d" -MT"Drivers/STM32F1xx_HAL_Driver/Src/stm32f1xx_hal_rcc.o" --specs=nano.specs -mfloat-abi=soft -mthumb -o "Drivers/STM32F1xx_HAL_Driver/Src/stm32f1xx_hal_rcc.o"
arm-none-eabi-gcc "../Drivers/STM32F1xx_HAL_Driver/Src/stm32f1xx_hal_rcc_ex.c" -mcpu=cortex-m3 -std=gnu11 -g3 -DDEBUG -DUSE_HAL_DRIVER -DSTM32F103xB -c -I../Core/Inc -I../Drivers/STM32F1xx_HAL_Driver/Inc -I../Drivers/STM32F1xx_HAL_Driver/Inc/Legacy -I../Drivers/CMSIS/Device/ST/STM32F1xx/Include -I../Drivers/CMSIS/Include -O0 -ffunction-sections -fdata-sections -Wall -fstack-usage -fcyclomatic-complexity -MMD -MP -MF"Drivers/STM32F1xx_HAL_Driver/Src/stm32f1xx_hal_rcc_ex.d" -MT"Drivers/STM32F1xx_HAL_Driver/Src/stm32f1xx_hal_rcc_ex.o" --specs=nano.specs -mfloat-abi=soft -mthumb -o "Drivers/STM32F1xx_HAL_Driver/Src/stm32f1xx_hal_rcc_ex.o"
arm-none-eabi-gcc "../Drivers/STM32F1xx_HAL_Driver/Src/stm32f1xx_hal_tim.c" -mcpu=cortex-m3 -std=gnu11 -g3 -DDEBUG -DUSE_HAL_DRIVER -DSTM32F103xB -c -I../Core/Inc -I../Drivers/STM32F1xx_HAL_Driver/Inc -I../Drivers/STM32F1xx_HAL_Driver/Inc/Legacy -I../Drivers/CMSIS/Device/ST/STM32F1xx/Include -I../Drivers/CMSIS/Include -O0 -ffunction-sections -fdata-sections -Wall -fstack-usage -fcyclomatic-complexity -MMD -MP -MF"Drivers/STM32F1xx_HAL_Driver/Src/stm32f1xx_hal_tim.d" -MT"Drivers/STM32F1xx_HAL_Driver/Src/stm32f1xx_hal_tim.o" --specs=nano.specs -mfloat-abi=soft -mthumb -o "Drivers/STM32F1xx_HAL_Driver/Src/stm32f1xx_hal_tim.o"
arm-none-eabi-gcc "../Drivers/STM32F1xx_HAL_Driver/Src/stm32f1xx_hal_tim_ex.c" -mcpu=cortex-m3 -std=gnu11 -g3 -DDEBUG -DUSE_HAL_DRIVER -DSTM32F103xB -c -I../Core/Inc -I../Drivers/STM32F1xx_HAL_Driver/Inc -I../Drivers/STM32F1xx_HAL_Driver/Inc/Legacy -I../Drivers/CMSIS/Device/ST/STM32F1xx/Include -I../Drivers/CMSIS/Include -O0 -ffunction-sections -fdata-sections -Wall -fstack-usage -fcyclomatic-complexity -MMD -MP -MF"Drivers/STM32F1xx_HAL_Driver/Src/stm32f1xx_hal_tim_ex.d" -MT"Drivers/STM32F1xx_HAL_Driver/Src/stm32f1xx_hal_tim_ex.o" --specs=nano.specs -mfloat-abi=soft -mthumb -o "Drivers/STM32F1xx_HAL_Driver/Src/stm32f1xx_hal_tim_ex.o"
arm-none-eabi-gcc "../Drivers/STM32F1xx_HAL_Driver/Src/stm32f1xx_hal_uart.c" -mcpu=cortex-m3 -std=gnu11 -g3 -DDEBUG -DUSE_HAL_DRIVER -DSTM32F103xB -c -I../Core/Inc -I../Drivers/STM32F1xx_HAL_Driver/Inc -I../Drivers/STM32F1xx_HAL_Driver/Inc/Legacy -I../Drivers/CMSIS/Device/ST/STM32F1xx/Include -I../Drivers/CMSIS/Include -O0 -ffunction-sections -fdata-sections -Wall -fstack-usage -fcyclomatic-complexity -MMD -MP -MF"Drivers/STM32F1xx_HAL_Driver/Src/stm32f1xx_hal_uart.d" -MT"Drivers/STM32F1xx_HAL_Driver/Src/stm32f1xx_hal_uart.o" --specs=nano.specs -mfloat-abi=soft -mthumb -o "Drivers/STM32F1xx_HAL_Driver/Src/stm32f1xx_hal_uart.o"
arm-none-eabi-gcc -mcpu=cortex-m3 -g3 -DDEBUG -c -x assembler-with-cpp -MMD -MP -MF"Core/Startup/startup_stm32f103rbtx.d" -MT"Core/Startup/startup_stm32f103rbtx.o" --specs=nano.specs -mfloat-abi=soft -mthumb -o "Core/Startup/startup_stm32f103rbtx.o" "../Core/Startup/startup_stm32f103rbtx.s"
arm-none-eabi-gcc "../Core/Src/main.c" -mcpu=cortex-m3 -std=gnu11 -g3 -DDEBUG -DUSE_HAL_DRIVER -DSTM32F103xB -c -I../Core/Inc -I../Drivers/STM32F1xx_HAL_Driver/Inc -I../Drivers/STM32F1xx_HAL_Driver/Inc/Legacy -I../Drivers/CMSIS/Device/ST/STM32F1xx/Include -I../Drivers/CMSIS/Include -O0 -ffunction-sections -fdata-sections -Wall -fstack-usage -fcyclomatic-complexity -MMD -MP -MF"Core/Src/main.d" -MT"Core/Src/main.o" --specs=nano.specs -mfloat-abi=soft -mthumb -o "Core/Src/main.o"
arm-none-eabi-gcc "../Core/Src/stm32f1xx_hal_msp.c" -mcpu=cortex-m3 -std=gnu11 -g3 -DDEBUG -DUSE_HAL_DRIVER -DSTM32F103xB -c -I../Core/Inc -I../Drivers/STM32F1xx_HAL_Driver/Inc -I../Drivers/STM32F1xx_HAL_Driver/Inc/Legacy -I../Drivers/CMSIS/Device/ST/STM32F1xx/Include -I../Drivers/CMSIS/Include -O0 -ffunction-sections -fdata-sections -Wall -fstack-usage -fcyclomatic-complexity -MMD -MP -MF"Core/Src/stm32f1xx_hal_msp.d" -MT"Core/Src/stm32f1xx_hal_msp.o" --specs=nano.specs -mfloat-abi=soft -mthumb -o "Core/Src/stm32f1xx_hal_msp.o"
arm-none-eabi-gcc "../Core/Src/stm32f1xx_it.c" -mcpu=cortex-m3 -std=gnu11 -g3 -DDEBUG -DUSE_HAL_DRIVER -DSTM32F103xB -c -I../Core/Inc -I../Drivers/STM32F1xx_HAL_Driver/Inc -I../Drivers/STM32F1xx_HAL_Driver/Inc/Legacy -I../Drivers/CMSIS/Device/ST/STM32F1xx/Include -I../Drivers/CMSIS/Include -O0 -ffunction-sections -fdata-sections -Wall -fstack-usage -fcyclomatic-complexity -MMD -MP -MF"Core/Src/stm32f1xx_it.d" -MT"Core/Src/stm32f1xx_it.o" --specs=nano.specs -mfloat-abi=soft -mthumb -o "Core/Src/stm32f1xx_it.o"
arm-none-eabi-gcc "../Core/Src/syscalls.c" -mcpu=cortex-m3 -std=gnu11 -g3 -DDEBUG -DUSE_HAL_DRIVER -DSTM32F103xB -c -I../Core/Inc -I../Drivers/STM32F1xx_HAL_Driver/Inc -I../Drivers/STM32F1xx_HAL_Driver/Inc/Legacy -I../Drivers/CMSIS/Device/ST/STM32F1xx/Include -I../Drivers/CMSIS/Include -O0 -ffunction-sections -fdata-sections -Wall -fstack-usage -fcyclomatic-complexity -MMD -MP -MF"Core/Src/syscalls.d" -MT"Core/Src/syscalls.o" --specs=nano.specs -mfloat-abi=soft -mthumb -o "Core/Src/syscalls.o"
arm-none-eabi-gcc "../Core/Src/sysmem.c" -mcpu=cortex-m3 -std=gnu11 -g3 -DDEBUG -DUSE_HAL_DRIVER -DSTM32F103xB -c -I../Core/Inc -I../Drivers/STM32F1xx_HAL_Driver/Inc -I../Drivers/STM32F1xx_HAL_Driver/Inc/Legacy -I../Drivers/CMSIS/Device/ST/STM32F1xx/Include -I../Drivers/CMSIS/Include -O0 -ffunction-sections -fdata-sections -Wall -fstack-usage -fcyclomatic-complexity -MMD -MP -MF"Core/Src/sysmem.d" -MT"Core/Src/sysmem.o" --specs=nano.specs -mfloat-abi=soft -mthumb -o "Core/Src/sysmem.o"
arm-none-eabi-gcc "../Core/Src/system_stm32f1xx.c" -mcpu=cortex-m3 -std=gnu11 -g3 -DDEBUG -DUSE_HAL_DRIVER -DSTM32F103xB -c -I../Core/Inc -I../Drivers/STM32F1xx_HAL_Driver/Inc -I../Drivers/STM32F1xx_HAL_Driver/Inc/Legacy -I../Drivers/CMSIS/Device/ST/STM32F1xx/Include -I../Drivers/CMSIS/Include -O0 -ffunction-sections -fdata-sections -Wall -fstack-usage -fcyclomatic-complexity -MMD -MP -MF"Core/Src/system_stm32f1xx.d" -MT"Core/Src/system_stm32f1xx.o" --specs=nano.specs -mfloat-abi=soft -mthumb -o "Core/Src/system_stm32f1xx.o"
arm-none-eabi-gcc -o "01_GPIO_07_INTERNAL_LED_FLASH_BITBANDING_f103.elf" @"objects.list"   -mcpu=cortex-m3 -T"/Users/jinmin-u/STM32CubeIDE/workspace_1.19.0/01_GPIO_07_INTERNAL_LED_FLASH_BITBANDING_f103/STM32F103RBTX_FLASH.ld" --specs=nosys.specs -Wl,-Map="01_GPIO_07_INTERNAL_LED_FLASH_BITBANDING_f103.map" -Wl,--gc-sections -static --specs=nano.specs -mfloat-abi=soft -mthumb -Wl,--start-group -lc -lm -Wl,--end-group
/Applications/STM32CubeIDE.app/Contents/Eclipse/plugins/com.st.stm32cube.ide.mcu.externaltools.gnu-tools-for-stm32.13.3.rel1.macos64_1.0.0.202411102158/tools/bin/../lib/gcc/arm-none-eabi/13.3.1/../../../../arm-none-eabi/bin/ld: warning: 01_GPIO_07_INTERNAL_LED_FLASH_BITBANDING_f103.elf has a LOAD segment with RWX permissions
Finished building target: 01_GPIO_07_INTERNAL_LED_FLASH_BITBANDING_f103.elf
 
arm-none-eabi-size  01_GPIO_07_INTERNAL_LED_FLASH_BITBANDING_f103.elf 
arm-none-eabi-objdump -h -S 01_GPIO_07_INTERNAL_LED_FLASH_BITBANDING_f103.elf  > "01_GPIO_07_INTERNAL_LED_FLASH_BITBANDING_f103.list"
   text	   data	    bss	    dec	    hex	filename
   5480	     20	   1636	   7136	   1be0	01_GPIO_07_INTERNAL_LED_FLASH_BITBANDING_f103.elf
Finished building: default.size.stdout
 
Finished building: 01_GPIO_07_INTERNAL_LED_FLASH_BITBANDING_f103.list
 
15:11:15 **** Incremental Build of configuration Debug for project 01_GPIO_07_INTERNAL_LED_FLASH_BITBANDING_f103 ****
make -j7 all 
arm-none-eabi-size  01_GPIO_07_INTERNAL_LED_FLASH_BITBANDING_f103.elf 
   text	   data	    bss	    dec	    hex	filename
   5480	     20	   1636	   7136	   1be0	01_GPIO_07_INTERNAL_LED_FLASH_BITBANDING_f103.elf
Finished building: default.size.stdout
 
15:12:44 **** Incremental Build of configuration Debug for project 01_GPIO_07_INTERNAL_LED_FLASH_BITBANDING_f103 ****
make -j7 all 
arm-none-eabi-gcc "../Core/Src/main.c" -mcpu=cortex-m3 -std=gnu11 -g3 -DDEBUG -DUSE_HAL_DRIVER -DSTM32F103xB -c -I../Core/Inc -I../Drivers/STM32F1xx_HAL_Driver/Inc -I../Drivers/STM32F1xx_HAL_Driver/Inc/Legacy -I../Drivers/CMSIS/Device/ST/STM32F1xx/Include -I../Drivers/CMSIS/Include -O0 -ffunction-sections -fdata-sections -Wall -fstack-usage -fcyclomatic-complexity -MMD -MP -MF"Core/Src/main.d" -MT"Core/Src/main.o" --specs=nano.specs -mfloat-abi=soft -mthumb -o "Core/Src/main.o"
../Core/Src/main.c: In function 'main':
../Core/Src/main.c:122:28: warning: unused variable 'rGPIOA_BSRR' [-Wunused-variable]
  122 |         volatile uint32_t* rGPIOA_BSRR=(uint32_t*)0x40010810;
      |                            ^~~~~~~~~~~
arm-none-eabi-gcc -o "01_GPIO_07_INTERNAL_LED_FLASH_BITBANDING_f103.elf" @"objects.list"   -mcpu=cortex-m3 -T"/Users/jinmin-u/STM32CubeIDE/workspace_1.19.0/01_GPIO_07_INTERNAL_LED_FLASH_BITBANDING_f103/STM32F103RBTX_FLASH.ld" --specs=nosys.specs -Wl,-Map="01_GPIO_07_INTERNAL_LED_FLASH_BITBANDING_f103.map" -Wl,--gc-sections -static --specs=nano.specs -mfloat-abi=soft -mthumb -Wl,--start-group -lc -lm -Wl,--end-group
/Applications/STM32CubeIDE.app/Contents/Eclipse/plugins/com.st.stm32cube.ide.mcu.externaltools.gnu-tools-for-stm32.13.3.rel1.macos64_1.0.0.202411102158/tools/bin/../lib/gcc/arm-none-eabi/13.3.1/../../../../arm-none-eabi/bin/ld: warning: 01_GPIO_07_INTERNAL_LED_FLASH_BITBANDING_f103.elf has a LOAD segment with RWX permissions
Finished building target: 01_GPIO_07_INTERNAL_LED_FLASH_BITBANDING_f103.elf
 
arm-none-eabi-size  01_GPIO_07_INTERNAL_LED_FLASH_BITBANDING_f103.elf 
arm-none-eabi-objdump -h -S 01_GPIO_07_INTERNAL_LED_FLASH_BITBANDING_f103.elf  > "01_GPIO_07_INTERNAL_LED_FLASH_BITBANDING_f103.list"
   text	   data	    bss	    dec	    hex	filename
   5488	     20	   1636	   7144	   1be8	01_GPIO_07_INTERNAL_LED_FLASH_BITBANDING_f103.elf
Finished building: default.size.stdout
 
Finished building: 01_GPIO_07_INTERNAL_LED_FLASH_BITBANDING_f103.list
 
15:13:10 **** Incremental Build of configuration Debug for project 01_GPIO_07_INTERNAL_LED_FLASH_BITBANDING_f103 ****
make -j7 all 
arm-none-eabi-size  01_GPIO_07_INTERNAL_LED_FLASH_BITBANDING_f103.elf 
   text	   data	    bss	    dec	    hex	filename
   5488	     20	   1636	   7144	   1be8	01_GPIO_07_INTERNAL_LED_FLASH_BITBANDING_f103.elf
Finished building: default.size.stdout
 
