16:59:02 **** Incremental Build of configuration Debug for project 00_CORTEX_08_HARDFAULT_HANDLER_f103 ****
make -j7 all 
arm-none-eabi-size  00_CORTEX_08_HARDFAULT_HANDLER_f103.elf 
   text	   data	    bss	    dec	    hex	filename
  11376	    112	   1976	  13464	   3498	00_CORTEX_08_HARDFAULT_HANDLER_f103.elf
Finished building: default.size.stdout
 
16:59:05 **** Incremental Build of configuration Debug for project 00_CORTEX_08_HARDFAULT_HANDLER_f103 ****
make -j7 all 
arm-none-eabi-size  00_CORTEX_08_HARDFAULT_HANDLER_f103.elf 
   text	   data	    bss	    dec	    hex	filename
  11376	    112	   1976	  13464	   3498	00_CORTEX_08_HARDFAULT_HANDLER_f103.elf
Finished building: default.size.stdout
 
16:59:42 **** Incremental Build of configuration Debug for project 00_CORTEX_08_HARDFAULT_HANDLER_f103 ****
make -j7 all 
arm-none-eabi-gcc "../Core/Src/main.c" -mcpu=cortex-m3 -std=gnu11 -g3 -DDEBUG -DUSE_HAL_DRIVER -DSTM32F103xB -c -I../Core/Inc -I../Drivers/STM32F1xx_HAL_Driver/Inc -I../Drivers/STM32F1xx_HAL_Driver/Inc/Legacy -I../Drivers/CMSIS/Device/ST/STM32F1xx/Include -I../Drivers/CMSIS/Include -O0 -ffunction-sections -fdata-sections -Wall -fstack-usage -fcyclomatic-complexity -MMD -MP -MF"Core/Src/main.d" -MT"Core/Src/main.o" --specs=nano.specs -mfloat-abi=soft -mthumb -o "Core/Src/main.o"
arm-none-eabi-gcc -o "00_CORTEX_08_HARDFAULT_HANDLER_f103.elf" @"objects.list"   -mcpu=cortex-m3 -T"/Users/jinmin-u/STM32CubeIDE/workspace_1.19.0/00_CORTEX_08_HARDFAULT_HANDLER_f103/STM32F103RBTX_FLASH.ld" --specs=nosys.specs -Wl,-Map="00_CORTEX_08_HARDFAULT_HANDLER_f103.map" -Wl,--gc-sections -static --specs=nano.specs -mfloat-abi=soft -mthumb -Wl,--start-group -lc -lm -Wl,--end-group
/Applications/STM32CubeIDE.app/Contents/Eclipse/plugins/com.st.stm32cube.ide.mcu.externaltools.gnu-tools-for-stm32.13.3.rel1.macos64_1.0.0.202411102158/tools/bin/../lib/gcc/arm-none-eabi/13.3.1/../../../../arm-none-eabi/bin/ld: warning: 00_CORTEX_08_HARDFAULT_HANDLER_f103.elf has a LOAD segment with RWX permissions
Finished building target: 00_CORTEX_08_HARDFAULT_HANDLER_f103.elf
 
arm-none-eabi-size  00_CORTEX_08_HARDFAULT_HANDLER_f103.elf 
arm-none-eabi-objdump -h -S 00_CORTEX_08_HARDFAULT_HANDLER_f103.elf  > "00_CORTEX_08_HARDFAULT_HANDLER_f103.list"
   text	   data	    bss	    dec	    hex	filename
  11384	    112	   1976	  13472	   34a0	00_CORTEX_08_HARDFAULT_HANDLER_f103.elf
Finished building: default.size.stdout
 
Finished building: 00_CORTEX_08_HARDFAULT_HANDLER_f103.list
 
17:00:17 **** Incremental Build of configuration Debug for project 00_CORTEX_08_HARDFAULT_HANDLER_f103 ****
make -j7 all 
arm-none-eabi-gcc "../Core/Src/stm32f1xx_it.c" -mcpu=cortex-m3 -std=gnu11 -g3 -DDEBUG -DUSE_HAL_DRIVER -DSTM32F103xB -c -I../Core/Inc -I../Drivers/STM32F1xx_HAL_Driver/Inc -I../Drivers/STM32F1xx_HAL_Driver/Inc/Legacy -I../Drivers/CMSIS/Device/ST/STM32F1xx/Include -I../Drivers/CMSIS/Include -O0 -ffunction-sections -fdata-sections -Wall -fstack-usage -fcyclomatic-complexity -MMD -MP -MF"Core/Src/stm32f1xx_it.d" -MT"Core/Src/stm32f1xx_it.o" --specs=nano.specs -mfloat-abi=soft -mthumb -o "Core/Src/stm32f1xx_it.o"
../Core/Src/stm32f1xx_it.c: In function 'HardFault_Handler':
../Core/Src/stm32f1xx_it.c:103:29: warning: passing argument 1 of 'HardFault_Handler_C' from incompatible pointer type [-Wincompatible-pointer-types]
  103 |         HardFault_Handler_C((unsigned int *)msp, lr);
      |                             ^~~~~~~~~~~~~~~~~~~
      |                             |
      |                             unsigned int *
../Core/Src/stm32f1xx_it.c:51:42: note: expected 'long unsigned int *' but argument is of type 'unsigned int *'
   51 | void HardFault_Handler_C(unsigned long * hardfault_args, unsigned int lr_value);
      |                          ~~~~~~~~~~~~~~~~^~~~~~~~~~~~~~
../Core/Src/stm32f1xx_it.c: In function 'HardFault_Handler_C':
../Core/Src/stm32f1xx_it.c:264:21: warning: format '%x' expects argument of type 'unsigned int', but argument 2 has type 'long unsigned int' [-Wformat=]
  264 |   printf (" R0  = %#x\n", stacked_r0);
      |                   ~~^     ~~~~~~~~~~
      |                     |     |
      |                     |     long unsigned int
      |                     unsigned int
      |                   %#lx
../Core/Src/stm32f1xx_it.c:265:21: warning: format '%x' expects argument of type 'unsigned int', but argument 2 has type 'long unsigned int' [-Wformat=]
  265 |   printf (" R1  = %#x\n", stacked_r1);
      |                   ~~^     ~~~~~~~~~~
      |                     |     |
      |                     |     long unsigned int
      |                     unsigned int
      |                   %#lx
../Core/Src/stm32f1xx_it.c:266:21: warning: format '%x' expects argument of type 'unsigned int', but argument 2 has type 'long unsigned int' [-Wformat=]
  266 |   printf (" R2  = %#x\n", stacked_r2);
      |                   ~~^     ~~~~~~~~~~
      |                     |     |
      |                     |     long unsigned int
      |                     unsigned int
      |                   %#lx
../Core/Src/stm32f1xx_it.c:267:21: warning: format '%x' expects argument of type 'unsigned int', but argument 2 has type 'long unsigned int' [-Wformat=]
  267 |   printf (" R3  = %#x\n", stacked_r3);
      |                   ~~^     ~~~~~~~~~~
      |                     |     |
      |                     |     long unsigned int
      |                     unsigned int
      |                   %#lx
../Core/Src/stm32f1xx_it.c:268:21: warning: format '%x' expects argument of type 'unsigned int', but argument 2 has type 'long unsigned int' [-Wformat=]
  268 |   printf (" R12 = %#x\n", stacked_r12);
      |                   ~~^     ~~~~~~~~~~~
      |                     |     |
      |                     |     long unsigned int
      |                     unsigned int
      |                   %#lx
../Core/Src/stm32f1xx_it.c:269:21: warning: format '%x' expects argument of type 'unsigned int', but argument 2 has type 'long unsigned int' [-Wformat=]
  269 |   printf (" LR  = %#x\n", stacked_lr);
      |                   ~~^     ~~~~~~~~~~
      |                     |     |
      |                     |     long unsigned int
      |                     unsigned int
      |                   %#lx
../Core/Src/stm32f1xx_it.c:270:21: warning: format '%x' expects argument of type 'unsigned int', but argument 2 has type 'long unsigned int' [-Wformat=]
  270 |   printf (" PC  = %#x\n", stacked_pc);
      |                   ~~^     ~~~~~~~~~~
      |                     |     |
      |                     |     long unsigned int
      |                     unsigned int
      |                   %#lx
../Core/Src/stm32f1xx_it.c:271:21: warning: format '%x' expects argument of type 'unsigned int', but argument 2 has type 'long unsigned int' [-Wformat=]
  271 |   printf (" PSR = %#x\n", stacked_psr);
      |                   ~~^     ~~~~~~~~~~~
      |                     |     |
      |                     |     long unsigned int
      |                     unsigned int
      |                   %#lx
../Core/Src/stm32f1xx_it.c:273:22: warning: format '%x' expects argument of type 'unsigned int', but argument 2 has type 'long unsigned int' [-Wformat=]
  273 |   printf (" CFSR = %#x\n", cfsr);
      |                    ~~^     ~~~~
      |                      |     |
      |                      |     long unsigned int
      |                      unsigned int
      |                    %#lx
../Core/Src/stm32f1xx_it.c:274:22: warning: format '%x' expects argument of type 'unsigned int', but argument 2 has type 'uint32_t' {aka 'long unsigned int'} [-Wformat=]
  274 |   printf (" HFSR = %#x\n", SCB->HFSR);
      |                    ~~^
      |                      |
      |                      unsigned int
      |                    %#lx
../Core/Src/stm32f1xx_it.c:275:22: warning: format '%x' expects argument of type 'unsigned int', but argument 2 has type 'uint32_t' {aka 'long unsigned int'} [-Wformat=]
  275 |   printf (" DFSR = %#x\n", SCB->DFSR);
      |                    ~~^
      |                      |
      |                      unsigned int
      |                    %#lx
../Core/Src/stm32f1xx_it.c:276:22: warning: format '%x' expects argument of type 'unsigned int', but argument 2 has type 'uint32_t' {aka 'long unsigned int'} [-Wformat=]
  276 |   printf (" AFSR = %#x\n", SCB->AFSR);
      |                    ~~^
      |                      |
      |                      unsigned int
      |                    %#lx
../Core/Src/stm32f1xx_it.c:277:48: warning: format '%x' expects argument of type 'unsigned int', but argument 2 has type 'long unsigned int' [-Wformat=]
  277 |         if (cfsr & 0x0080) printf (" MMFAR = %#x\n", memmanage_fault_address);
      |                                              ~~^     ~~~~~~~~~~~~~~~~~~~~~~~
      |                                                |     |
      |                                                |     long unsigned int
      |                                                unsigned int
      |                                              %#lx
../Core/Src/stm32f1xx_it.c:278:47: warning: format '%x' expects argument of type 'unsigned int', but argument 2 has type 'long unsigned int' [-Wformat=]
  278 |         if (cfsr & 0x8000) printf (" BFAR = %#x\n", bus_fault_address);
      |                                             ~~^     ~~~~~~~~~~~~~~~~~
      |                                               |     |
      |                                               |     long unsigned int
      |                                               unsigned int
      |                                             %#lx
arm-none-eabi-gcc -o "00_CORTEX_08_HARDFAULT_HANDLER_f103.elf" @"objects.list"   -mcpu=cortex-m3 -T"/Users/jinmin-u/STM32CubeIDE/workspace_1.19.0/00_CORTEX_08_HARDFAULT_HANDLER_f103/STM32F103RBTX_FLASH.ld" --specs=nosys.specs -Wl,-Map="00_CORTEX_08_HARDFAULT_HANDLER_f103.map" -Wl,--gc-sections -static --specs=nano.specs -mfloat-abi=soft -mthumb -Wl,--start-group -lc -lm -Wl,--end-group
/Applications/STM32CubeIDE.app/Contents/Eclipse/plugins/com.st.stm32cube.ide.mcu.externaltools.gnu-tools-for-stm32.13.3.rel1.macos64_1.0.0.202411102158/tools/bin/../lib/gcc/arm-none-eabi/13.3.1/../../../../arm-none-eabi/bin/ld: warning: 00_CORTEX_08_HARDFAULT_HANDLER_f103.elf has a LOAD segment with RWX permissions
Finished building target: 00_CORTEX_08_HARDFAULT_HANDLER_f103.elf
 
arm-none-eabi-size  00_CORTEX_08_HARDFAULT_HANDLER_f103.elf 
arm-none-eabi-objdump -h -S 00_CORTEX_08_HARDFAULT_HANDLER_f103.elf  > "00_CORTEX_08_HARDFAULT_HANDLER_f103.list"
   text	   data	    bss	    dec	    hex	filename
  11420	    112	   1976	  13508	   34c4	00_CORTEX_08_HARDFAULT_HANDLER_f103.elf
Finished building: default.size.stdout
 
Finished building: 00_CORTEX_08_HARDFAULT_HANDLER_f103.list
 
17:01:07 **** Incremental Build of configuration Debug for project 00_CORTEX_08_HARDFAULT_HANDLER_f103 ****
make -j7 all 
arm-none-eabi-gcc "../Core/Src/stm32f1xx_it.c" -mcpu=cortex-m3 -std=gnu11 -g3 -DDEBUG -DUSE_HAL_DRIVER -DSTM32F103xB -c -I../Core/Inc -I../Drivers/STM32F1xx_HAL_Driver/Inc -I../Drivers/STM32F1xx_HAL_Driver/Inc/Legacy -I../Drivers/CMSIS/Device/ST/STM32F1xx/Include -I../Drivers/CMSIS/Include -O0 -ffunction-sections -fdata-sections -Wall -fstack-usage -fcyclomatic-complexity -MMD -MP -MF"Core/Src/stm32f1xx_it.d" -MT"Core/Src/stm32f1xx_it.o" --specs=nano.specs -mfloat-abi=soft -mthumb -o "Core/Src/stm32f1xx_it.o"
../Core/Src/stm32f1xx_it.c: In function 'HardFault_Handler':
../Core/Src/stm32f1xx_it.c:103:29: warning: passing argument 1 of 'HardFault_Handler_C' from incompatible pointer type [-Wincompatible-pointer-types]
  103 |         HardFault_Handler_C((unsigned int *)msp, lr);
      |                             ^~~~~~~~~~~~~~~~~~~
      |                             |
      |                             unsigned int *
../Core/Src/stm32f1xx_it.c:51:42: note: expected 'long unsigned int *' but argument is of type 'unsigned int *'
   51 | void HardFault_Handler_C(unsigned long * hardfault_args, unsigned int lr_value);
      |                          ~~~~~~~~~~~~~~~~^~~~~~~~~~~~~~
../Core/Src/stm32f1xx_it.c: In function 'HardFault_Handler_C':
../Core/Src/stm32f1xx_it.c:263:21: warning: format '%x' expects argument of type 'unsigned int', but argument 2 has type 'long unsigned int' [-Wformat=]
  263 |   printf (" R0  = %#x\n", stacked_r0);
      |                   ~~^     ~~~~~~~~~~
      |                     |     |
      |                     |     long unsigned int
      |                     unsigned int
      |                   %#lx
../Core/Src/stm32f1xx_it.c:264:21: warning: format '%x' expects argument of type 'unsigned int', but argument 2 has type 'long unsigned int' [-Wformat=]
  264 |   printf (" R1  = %#x\n", stacked_r1);
      |                   ~~^     ~~~~~~~~~~
      |                     |     |
      |                     |     long unsigned int
      |                     unsigned int
      |                   %#lx
../Core/Src/stm32f1xx_it.c:265:21: warning: format '%x' expects argument of type 'unsigned int', but argument 2 has type 'long unsigned int' [-Wformat=]
  265 |   printf (" R2  = %#x\n", stacked_r2);
      |                   ~~^     ~~~~~~~~~~
      |                     |     |
      |                     |     long unsigned int
      |                     unsigned int
      |                   %#lx
../Core/Src/stm32f1xx_it.c:266:21: warning: format '%x' expects argument of type 'unsigned int', but argument 2 has type 'long unsigned int' [-Wformat=]
  266 |   printf (" R3  = %#x\n", stacked_r3);
      |                   ~~^     ~~~~~~~~~~
      |                     |     |
      |                     |     long unsigned int
      |                     unsigned int
      |                   %#lx
../Core/Src/stm32f1xx_it.c:267:21: warning: format '%x' expects argument of type 'unsigned int', but argument 2 has type 'long unsigned int' [-Wformat=]
  267 |   printf (" R12 = %#x\n", stacked_r12);
      |                   ~~^     ~~~~~~~~~~~
      |                     |     |
      |                     |     long unsigned int
      |                     unsigned int
      |                   %#lx
../Core/Src/stm32f1xx_it.c:268:21: warning: format '%x' expects argument of type 'unsigned int', but argument 2 has type 'long unsigned int' [-Wformat=]
  268 |   printf (" LR  = %#x\n", stacked_lr);
      |                   ~~^     ~~~~~~~~~~
      |                     |     |
      |                     |     long unsigned int
      |                     unsigned int
      |                   %#lx
../Core/Src/stm32f1xx_it.c:269:21: warning: format '%x' expects argument of type 'unsigned int', but argument 2 has type 'long unsigned int' [-Wformat=]
  269 |   printf (" PC  = %#x\n", stacked_pc);
      |                   ~~^     ~~~~~~~~~~
      |                     |     |
      |                     |     long unsigned int
      |                     unsigned int
      |                   %#lx
../Core/Src/stm32f1xx_it.c:270:21: warning: format '%x' expects argument of type 'unsigned int', but argument 2 has type 'long unsigned int' [-Wformat=]
  270 |   printf (" PSR = %#x\n", stacked_psr);
      |                   ~~^     ~~~~~~~~~~~
      |                     |     |
      |                     |     long unsigned int
      |                     unsigned int
      |                   %#lx
../Core/Src/stm32f1xx_it.c:272:22: warning: format '%x' expects argument of type 'unsigned int', but argument 2 has type 'long unsigned int' [-Wformat=]
  272 |   printf (" CFSR = %#x\n", cfsr);
      |                    ~~^     ~~~~
      |                      |     |
      |                      |     long unsigned int
      |                      unsigned int
      |                    %#lx
../Core/Src/stm32f1xx_it.c:273:22: warning: format '%x' expects argument of type 'unsigned int', but argument 2 has type 'uint32_t' {aka 'long unsigned int'} [-Wformat=]
  273 |   printf (" HFSR = %#x\n", SCB->HFSR);
      |                    ~~^
      |                      |
      |                      unsigned int
      |                    %#lx
../Core/Src/stm32f1xx_it.c:274:22: warning: format '%x' expects argument of type 'unsigned int', but argument 2 has type 'uint32_t' {aka 'long unsigned int'} [-Wformat=]
  274 |   printf (" DFSR = %#x\n", SCB->DFSR);
      |                    ~~^
      |                      |
      |                      unsigned int
      |                    %#lx
../Core/Src/stm32f1xx_it.c:275:22: warning: format '%x' expects argument of type 'unsigned int', but argument 2 has type 'uint32_t' {aka 'long unsigned int'} [-Wformat=]
  275 |   printf (" AFSR = %#x\n", SCB->AFSR);
      |                    ~~^
      |                      |
      |                      unsigned int
      |                    %#lx
../Core/Src/stm32f1xx_it.c:276:48: warning: format '%x' expects argument of type 'unsigned int', but argument 2 has type 'long unsigned int' [-Wformat=]
  276 |         if (cfsr & 0x0080) printf (" MMFAR = %#x\n", memmanage_fault_address);
      |                                              ~~^     ~~~~~~~~~~~~~~~~~~~~~~~
      |                                                |     |
      |                                                |     long unsigned int
      |                                                unsigned int
      |                                              %#lx
../Core/Src/stm32f1xx_it.c:277:47: warning: format '%x' expects argument of type 'unsigned int', but argument 2 has type 'long unsigned int' [-Wformat=]
  277 |         if (cfsr & 0x8000) printf (" BFAR = %#x\n", bus_fault_address);
      |                                             ~~^     ~~~~~~~~~~~~~~~~~
      |                                               |     |
      |                                               |     long unsigned int
      |                                               unsigned int
      |                                             %#lx
arm-none-eabi-gcc -o "00_CORTEX_08_HARDFAULT_HANDLER_f103.elf" @"objects.list"   -mcpu=cortex-m3 -T"/Users/jinmin-u/STM32CubeIDE/workspace_1.19.0/00_CORTEX_08_HARDFAULT_HANDLER_f103/STM32F103RBTX_FLASH.ld" --specs=nosys.specs -Wl,-Map="00_CORTEX_08_HARDFAULT_HANDLER_f103.map" -Wl,--gc-sections -static --specs=nano.specs -mfloat-abi=soft -mthumb -Wl,--start-group -lc -lm -Wl,--end-group
/Applications/STM32CubeIDE.app/Contents/Eclipse/plugins/com.st.stm32cube.ide.mcu.externaltools.gnu-tools-for-stm32.13.3.rel1.macos64_1.0.0.202411102158/tools/bin/../lib/gcc/arm-none-eabi/13.3.1/../../../../arm-none-eabi/bin/ld: warning: 00_CORTEX_08_HARDFAULT_HANDLER_f103.elf has a LOAD segment with RWX permissions
Finished building target: 00_CORTEX_08_HARDFAULT_HANDLER_f103.elf
 
arm-none-eabi-size  00_CORTEX_08_HARDFAULT_HANDLER_f103.elf 
arm-none-eabi-objdump -h -S 00_CORTEX_08_HARDFAULT_HANDLER_f103.elf  > "00_CORTEX_08_HARDFAULT_HANDLER_f103.list"
   text	   data	    bss	    dec	    hex	filename
  11384	    112	   1976	  13472	   34a0	00_CORTEX_08_HARDFAULT_HANDLER_f103.elf
Finished building: default.size.stdout
 
Finished building: 00_CORTEX_08_HARDFAULT_HANDLER_f103.list
 
17:04:46 **** Incremental Build of configuration Debug for project 00_CORTEX_08_HARDFAULT_HANDLER_f103 ****
make -j7 all 
arm-none-eabi-size  00_CORTEX_08_HARDFAULT_HANDLER_f103.elf 
   text	   data	    bss	    dec	    hex	filename
  11384	    112	   1976	  13472	   34a0	00_CORTEX_08_HARDFAULT_HANDLER_f103.elf
Finished building: default.size.stdout
 
17:04:51 **** Incremental Build of configuration Debug for project 00_CORTEX_08_HARDFAULT_HANDLER_f103 ****
make -j7 all 
arm-none-eabi-size  00_CORTEX_08_HARDFAULT_HANDLER_f103.elf 
   text	   data	    bss	    dec	    hex	filename
  11384	    112	   1976	  13472	   34a0	00_CORTEX_08_HARDFAULT_HANDLER_f103.elf
Finished building: default.size.stdout
 
17:42:36 **** Incremental Build of configuration Debug for project 00_CORTEX_08_HARDFAULT_HANDLER_f103 ****
make -j7 all 
arm-none-eabi-gcc "../Core/Src/main.c" -mcpu=cortex-m3 -std=gnu11 -g3 -DDEBUG -DUSE_HAL_DRIVER -DSTM32F103xB -c -I../Core/Inc -I../Drivers/STM32F1xx_HAL_Driver/Inc -I../Drivers/STM32F1xx_HAL_Driver/Inc/Legacy -I../Drivers/CMSIS/Device/ST/STM32F1xx/Include -I../Drivers/CMSIS/Include -O0 -ffunction-sections -fdata-sections -Wall -fstack-usage -fcyclomatic-complexity -MMD -MP -MF"Core/Src/main.d" -MT"Core/Src/main.o" --specs=nano.specs -mfloat-abi=soft -mthumb -o "Core/Src/main.o"
arm-none-eabi-gcc -o "00_CORTEX_08_HARDFAULT_HANDLER_f103.elf" @"objects.list"   -mcpu=cortex-m3 -T"/Users/jinmin-u/STM32CubeIDE/workspace_1.19.0/00_CORTEX_08_HARDFAULT_HANDLER_f103/STM32F103RBTX_FLASH.ld" --specs=nosys.specs -Wl,-Map="00_CORTEX_08_HARDFAULT_HANDLER_f103.map" -Wl,--gc-sections -static --specs=nano.specs -mfloat-abi=soft -mthumb -Wl,--start-group -lc -lm -Wl,--end-group
/Applications/STM32CubeIDE.app/Contents/Eclipse/plugins/com.st.stm32cube.ide.mcu.externaltools.gnu-tools-for-stm32.13.3.rel1.macos64_1.0.0.202411102158/tools/bin/../lib/gcc/arm-none-eabi/13.3.1/../../../../arm-none-eabi/bin/ld: warning: 00_CORTEX_08_HARDFAULT_HANDLER_f103.elf has a LOAD segment with RWX permissions
Finished building target: 00_CORTEX_08_HARDFAULT_HANDLER_f103.elf
 
arm-none-eabi-size  00_CORTEX_08_HARDFAULT_HANDLER_f103.elf 
arm-none-eabi-objdump -h -S 00_CORTEX_08_HARDFAULT_HANDLER_f103.elf  > "00_CORTEX_08_HARDFAULT_HANDLER_f103.list"
   text	   data	    bss	    dec	    hex	filename
  11364	    112	   1976	  13452	   348c	00_CORTEX_08_HARDFAULT_HANDLER_f103.elf
Finished building: default.size.stdout
 
Finished building: 00_CORTEX_08_HARDFAULT_HANDLER_f103.list
 
17:43:01 **** Incremental Build of configuration Debug for project 00_CORTEX_08_HARDFAULT_HANDLER_f103 ****
make -j7 all 
arm-none-eabi-size  00_CORTEX_08_HARDFAULT_HANDLER_f103.elf 
   text	   data	    bss	    dec	    hex	filename
  11364	    112	   1976	  13452	   348c	00_CORTEX_08_HARDFAULT_HANDLER_f103.elf
Finished building: default.size.stdout
 
17:48:25 **** Build of configuration Debug for project 00_CORTEX_10_NESTED_INTERRUPT_f103 ****
make -j7 all 
arm-none-eabi-gcc "../Drivers/STM32F1xx_HAL_Driver/Src/stm32f1xx_hal.c" -mcpu=cortex-m3 -std=gnu11 -g3 -DDEBUG -DUSE_HAL_DRIVER -DSTM32F103xB -c -I../Core/Inc -I../Drivers/STM32F1xx_HAL_Driver/Inc -I../Drivers/STM32F1xx_HAL_Driver/Inc/Legacy -I../Drivers/CMSIS/Device/ST/STM32F1xx/Include -I../Drivers/CMSIS/Include -O0 -ffunction-sections -fdata-sections -Wall -fstack-usage -fcyclomatic-complexity -MMD -MP -MF"Drivers/STM32F1xx_HAL_Driver/Src/stm32f1xx_hal.d" -MT"Drivers/STM32F1xx_HAL_Driver/Src/stm32f1xx_hal.o" --specs=nano.specs -mfloat-abi=soft -mthumb -o "Drivers/STM32F1xx_HAL_Driver/Src/stm32f1xx_hal.o"
arm-none-eabi-gcc "../Drivers/STM32F1xx_HAL_Driver/Src/stm32f1xx_hal_cortex.c" -mcpu=cortex-m3 -std=gnu11 -g3 -DDEBUG -DUSE_HAL_DRIVER -DSTM32F103xB -c -I../Core/Inc -I../Drivers/STM32F1xx_HAL_Driver/Inc -I../Drivers/STM32F1xx_HAL_Driver/Inc/Legacy -I../Drivers/CMSIS/Device/ST/STM32F1xx/Include -I../Drivers/CMSIS/Include -O0 -ffunction-sections -fdata-sections -Wall -fstack-usage -fcyclomatic-complexity -MMD -MP -MF"Drivers/STM32F1xx_HAL_Driver/Src/stm32f1xx_hal_cortex.d" -MT"Drivers/STM32F1xx_HAL_Driver/Src/stm32f1xx_hal_cortex.o" --specs=nano.specs -mfloat-abi=soft -mthumb -o "Drivers/STM32F1xx_HAL_Driver/Src/stm32f1xx_hal_cortex.o"
arm-none-eabi-gcc "../Drivers/STM32F1xx_HAL_Driver/Src/stm32f1xx_hal_dma.c" -mcpu=cortex-m3 -std=gnu11 -g3 -DDEBUG -DUSE_HAL_DRIVER -DSTM32F103xB -c -I../Core/Inc -I../Drivers/STM32F1xx_HAL_Driver/Inc -I../Drivers/STM32F1xx_HAL_Driver/Inc/Legacy -I../Drivers/CMSIS/Device/ST/STM32F1xx/Include -I../Drivers/CMSIS/Include -O0 -ffunction-sections -fdata-sections -Wall -fstack-usage -fcyclomatic-complexity -MMD -MP -MF"Drivers/STM32F1xx_HAL_Driver/Src/stm32f1xx_hal_dma.d" -MT"Drivers/STM32F1xx_HAL_Driver/Src/stm32f1xx_hal_dma.o" --specs=nano.specs -mfloat-abi=soft -mthumb -o "Drivers/STM32F1xx_HAL_Driver/Src/stm32f1xx_hal_dma.o"
arm-none-eabi-gcc "../Drivers/STM32F1xx_HAL_Driver/Src/stm32f1xx_hal_exti.c" -mcpu=cortex-m3 -std=gnu11 -g3 -DDEBUG -DUSE_HAL_DRIVER -DSTM32F103xB -c -I../Core/Inc -I../Drivers/STM32F1xx_HAL_Driver/Inc -I../Drivers/STM32F1xx_HAL_Driver/Inc/Legacy -I../Drivers/CMSIS/Device/ST/STM32F1xx/Include -I../Drivers/CMSIS/Include -O0 -ffunction-sections -fdata-sections -Wall -fstack-usage -fcyclomatic-complexity -MMD -MP -MF"Drivers/STM32F1xx_HAL_Driver/Src/stm32f1xx_hal_exti.d" -MT"Drivers/STM32F1xx_HAL_Driver/Src/stm32f1xx_hal_exti.o" --specs=nano.specs -mfloat-abi=soft -mthumb -o "Drivers/STM32F1xx_HAL_Driver/Src/stm32f1xx_hal_exti.o"
arm-none-eabi-gcc "../Drivers/STM32F1xx_HAL_Driver/Src/stm32f1xx_hal_flash.c" -mcpu=cortex-m3 -std=gnu11 -g3 -DDEBUG -DUSE_HAL_DRIVER -DSTM32F103xB -c -I../Core/Inc -I../Drivers/STM32F1xx_HAL_Driver/Inc -I../Drivers/STM32F1xx_HAL_Driver/Inc/Legacy -I../Drivers/CMSIS/Device/ST/STM32F1xx/Include -I../Drivers/CMSIS/Include -O0 -ffunction-sections -fdata-sections -Wall -fstack-usage -fcyclomatic-complexity -MMD -MP -MF"Drivers/STM32F1xx_HAL_Driver/Src/stm32f1xx_hal_flash.d" -MT"Drivers/STM32F1xx_HAL_Driver/Src/stm32f1xx_hal_flash.o" --specs=nano.specs -mfloat-abi=soft -mthumb -o "Drivers/STM32F1xx_HAL_Driver/Src/stm32f1xx_hal_flash.o"
arm-none-eabi-gcc "../Drivers/STM32F1xx_HAL_Driver/Src/stm32f1xx_hal_flash_ex.c" -mcpu=cortex-m3 -std=gnu11 -g3 -DDEBUG -DUSE_HAL_DRIVER -DSTM32F103xB -c -I../Core/Inc -I../Drivers/STM32F1xx_HAL_Driver/Inc -I../Drivers/STM32F1xx_HAL_Driver/Inc/Legacy -I../Drivers/CMSIS/Device/ST/STM32F1xx/Include -I../Drivers/CMSIS/Include -O0 -ffunction-sections -fdata-sections -Wall -fstack-usage -fcyclomatic-complexity -MMD -MP -MF"Drivers/STM32F1xx_HAL_Driver/Src/stm32f1xx_hal_flash_ex.d" -MT"Drivers/STM32F1xx_HAL_Driver/Src/stm32f1xx_hal_flash_ex.o" --specs=nano.specs -mfloat-abi=soft -mthumb -o "Drivers/STM32F1xx_HAL_Driver/Src/stm32f1xx_hal_flash_ex.o"
arm-none-eabi-gcc "../Drivers/STM32F1xx_HAL_Driver/Src/stm32f1xx_hal_gpio.c" -mcpu=cortex-m3 -std=gnu11 -g3 -DDEBUG -DUSE_HAL_DRIVER -DSTM32F103xB -c -I../Core/Inc -I../Drivers/STM32F1xx_HAL_Driver/Inc -I../Drivers/STM32F1xx_HAL_Driver/Inc/Legacy -I../Drivers/CMSIS/Device/ST/STM32F1xx/Include -I../Drivers/CMSIS/Include -O0 -ffunction-sections -fdata-sections -Wall -fstack-usage -fcyclomatic-complexity -MMD -MP -MF"Drivers/STM32F1xx_HAL_Driver/Src/stm32f1xx_hal_gpio.d" -MT"Drivers/STM32F1xx_HAL_Driver/Src/stm32f1xx_hal_gpio.o" --specs=nano.specs -mfloat-abi=soft -mthumb -o "Drivers/STM32F1xx_HAL_Driver/Src/stm32f1xx_hal_gpio.o"
arm-none-eabi-gcc "../Drivers/STM32F1xx_HAL_Driver/Src/stm32f1xx_hal_gpio_ex.c" -mcpu=cortex-m3 -std=gnu11 -g3 -DDEBUG -DUSE_HAL_DRIVER -DSTM32F103xB -c -I../Core/Inc -I../Drivers/STM32F1xx_HAL_Driver/Inc -I../Drivers/STM32F1xx_HAL_Driver/Inc/Legacy -I../Drivers/CMSIS/Device/ST/STM32F1xx/Include -I../Drivers/CMSIS/Include -O0 -ffunction-sections -fdata-sections -Wall -fstack-usage -fcyclomatic-complexity -MMD -MP -MF"Drivers/STM32F1xx_HAL_Driver/Src/stm32f1xx_hal_gpio_ex.d" -MT"Drivers/STM32F1xx_HAL_Driver/Src/stm32f1xx_hal_gpio_ex.o" --specs=nano.specs -mfloat-abi=soft -mthumb -o "Drivers/STM32F1xx_HAL_Driver/Src/stm32f1xx_hal_gpio_ex.o"
arm-none-eabi-gcc "../Drivers/STM32F1xx_HAL_Driver/Src/stm32f1xx_hal_pwr.c" -mcpu=cortex-m3 -std=gnu11 -g3 -DDEBUG -DUSE_HAL_DRIVER -DSTM32F103xB -c -I../Core/Inc -I../Drivers/STM32F1xx_HAL_Driver/Inc -I../Drivers/STM32F1xx_HAL_Driver/Inc/Legacy -I../Drivers/CMSIS/Device/ST/STM32F1xx/Include -I../Drivers/CMSIS/Include -O0 -ffunction-sections -fdata-sections -Wall -fstack-usage -fcyclomatic-complexity -MMD -MP -MF"Drivers/STM32F1xx_HAL_Driver/Src/stm32f1xx_hal_pwr.d" -MT"Drivers/STM32F1xx_HAL_Driver/Src/stm32f1xx_hal_pwr.o" --specs=nano.specs -mfloat-abi=soft -mthumb -o "Drivers/STM32F1xx_HAL_Driver/Src/stm32f1xx_hal_pwr.o"
arm-none-eabi-gcc "../Drivers/STM32F1xx_HAL_Driver/Src/stm32f1xx_hal_rcc.c" -mcpu=cortex-m3 -std=gnu11 -g3 -DDEBUG -DUSE_HAL_DRIVER -DSTM32F103xB -c -I../Core/Inc -I../Drivers/STM32F1xx_HAL_Driver/Inc -I../Drivers/STM32F1xx_HAL_Driver/Inc/Legacy -I../Drivers/CMSIS/Device/ST/STM32F1xx/Include -I../Drivers/CMSIS/Include -O0 -ffunction-sections -fdata-sections -Wall -fstack-usage -fcyclomatic-complexity -MMD -MP -MF"Drivers/STM32F1xx_HAL_Driver/Src/stm32f1xx_hal_rcc.d" -MT"Drivers/STM32F1xx_HAL_Driver/Src/stm32f1xx_hal_rcc.o" --specs=nano.specs -mfloat-abi=soft -mthumb -o "Drivers/STM32F1xx_HAL_Driver/Src/stm32f1xx_hal_rcc.o"
arm-none-eabi-gcc "../Drivers/STM32F1xx_HAL_Driver/Src/stm32f1xx_hal_rcc_ex.c" -mcpu=cortex-m3 -std=gnu11 -g3 -DDEBUG -DUSE_HAL_DRIVER -DSTM32F103xB -c -I../Core/Inc -I../Drivers/STM32F1xx_HAL_Driver/Inc -I../Drivers/STM32F1xx_HAL_Driver/Inc/Legacy -I../Drivers/CMSIS/Device/ST/STM32F1xx/Include -I../Drivers/CMSIS/Include -O0 -ffunction-sections -fdata-sections -Wall -fstack-usage -fcyclomatic-complexity -MMD -MP -MF"Drivers/STM32F1xx_HAL_Driver/Src/stm32f1xx_hal_rcc_ex.d" -MT"Drivers/STM32F1xx_HAL_Driver/Src/stm32f1xx_hal_rcc_ex.o" --specs=nano.specs -mfloat-abi=soft -mthumb -o "Drivers/STM32F1xx_HAL_Driver/Src/stm32f1xx_hal_rcc_ex.o"
arm-none-eabi-gcc "../Drivers/STM32F1xx_HAL_Driver/Src/stm32f1xx_hal_tim.c" -mcpu=cortex-m3 -std=gnu11 -g3 -DDEBUG -DUSE_HAL_DRIVER -DSTM32F103xB -c -I../Core/Inc -I../Drivers/STM32F1xx_HAL_Driver/Inc -I../Drivers/STM32F1xx_HAL_Driver/Inc/Legacy -I../Drivers/CMSIS/Device/ST/STM32F1xx/Include -I../Drivers/CMSIS/Include -O0 -ffunction-sections -fdata-sections -Wall -fstack-usage -fcyclomatic-complexity -MMD -MP -MF"Drivers/STM32F1xx_HAL_Driver/Src/stm32f1xx_hal_tim.d" -MT"Drivers/STM32F1xx_HAL_Driver/Src/stm32f1xx_hal_tim.o" --specs=nano.specs -mfloat-abi=soft -mthumb -o "Drivers/STM32F1xx_HAL_Driver/Src/stm32f1xx_hal_tim.o"
arm-none-eabi-gcc "../Drivers/STM32F1xx_HAL_Driver/Src/stm32f1xx_hal_tim_ex.c" -mcpu=cortex-m3 -std=gnu11 -g3 -DDEBUG -DUSE_HAL_DRIVER -DSTM32F103xB -c -I../Core/Inc -I../Drivers/STM32F1xx_HAL_Driver/Inc -I../Drivers/STM32F1xx_HAL_Driver/Inc/Legacy -I../Drivers/CMSIS/Device/ST/STM32F1xx/Include -I../Drivers/CMSIS/Include -O0 -ffunction-sections -fdata-sections -Wall -fstack-usage -fcyclomatic-complexity -MMD -MP -MF"Drivers/STM32F1xx_HAL_Driver/Src/stm32f1xx_hal_tim_ex.d" -MT"Drivers/STM32F1xx_HAL_Driver/Src/stm32f1xx_hal_tim_ex.o" --specs=nano.specs -mfloat-abi=soft -mthumb -o "Drivers/STM32F1xx_HAL_Driver/Src/stm32f1xx_hal_tim_ex.o"
arm-none-eabi-gcc "../Drivers/STM32F1xx_HAL_Driver/Src/stm32f1xx_hal_uart.c" -mcpu=cortex-m3 -std=gnu11 -g3 -DDEBUG -DUSE_HAL_DRIVER -DSTM32F103xB -c -I../Core/Inc -I../Drivers/STM32F1xx_HAL_Driver/Inc -I../Drivers/STM32F1xx_HAL_Driver/Inc/Legacy -I../Drivers/CMSIS/Device/ST/STM32F1xx/Include -I../Drivers/CMSIS/Include -O0 -ffunction-sections -fdata-sections -Wall -fstack-usage -fcyclomatic-complexity -MMD -MP -MF"Drivers/STM32F1xx_HAL_Driver/Src/stm32f1xx_hal_uart.d" -MT"Drivers/STM32F1xx_HAL_Driver/Src/stm32f1xx_hal_uart.o" --specs=nano.specs -mfloat-abi=soft -mthumb -o "Drivers/STM32F1xx_HAL_Driver/Src/stm32f1xx_hal_uart.o"
arm-none-eabi-gcc -mcpu=cortex-m3 -g3 -DDEBUG -c -x assembler-with-cpp -MMD -MP -MF"Core/Startup/startup_stm32f103rbtx.d" -MT"Core/Startup/startup_stm32f103rbtx.o" --specs=nano.specs -mfloat-abi=soft -mthumb -o "Core/Startup/startup_stm32f103rbtx.o" "../Core/Startup/startup_stm32f103rbtx.s"
arm-none-eabi-gcc "../Core/Src/main.c" -mcpu=cortex-m3 -std=gnu11 -g3 -DDEBUG -DUSE_HAL_DRIVER -DSTM32F103xB -c -I../Core/Inc -I../Drivers/STM32F1xx_HAL_Driver/Inc -I../Drivers/STM32F1xx_HAL_Driver/Inc/Legacy -I../Drivers/CMSIS/Device/ST/STM32F1xx/Include -I../Drivers/CMSIS/Include -O0 -ffunction-sections -fdata-sections -Wall -fstack-usage -fcyclomatic-complexity -MMD -MP -MF"Core/Src/main.d" -MT"Core/Src/main.o" --specs=nano.specs -mfloat-abi=soft -mthumb -o "Core/Src/main.o"
arm-none-eabi-gcc "../Core/Src/stm32f1xx_hal_msp.c" -mcpu=cortex-m3 -std=gnu11 -g3 -DDEBUG -DUSE_HAL_DRIVER -DSTM32F103xB -c -I../Core/Inc -I../Drivers/STM32F1xx_HAL_Driver/Inc -I../Drivers/STM32F1xx_HAL_Driver/Inc/Legacy -I../Drivers/CMSIS/Device/ST/STM32F1xx/Include -I../Drivers/CMSIS/Include -O0 -ffunction-sections -fdata-sections -Wall -fstack-usage -fcyclomatic-complexity -MMD -MP -MF"Core/Src/stm32f1xx_hal_msp.d" -MT"Core/Src/stm32f1xx_hal_msp.o" --specs=nano.specs -mfloat-abi=soft -mthumb -o "Core/Src/stm32f1xx_hal_msp.o"
arm-none-eabi-gcc "../Core/Src/stm32f1xx_it.c" -mcpu=cortex-m3 -std=gnu11 -g3 -DDEBUG -DUSE_HAL_DRIVER -DSTM32F103xB -c -I../Core/Inc -I../Drivers/STM32F1xx_HAL_Driver/Inc -I../Drivers/STM32F1xx_HAL_Driver/Inc/Legacy -I../Drivers/CMSIS/Device/ST/STM32F1xx/Include -I../Drivers/CMSIS/Include -O0 -ffunction-sections -fdata-sections -Wall -fstack-usage -fcyclomatic-complexity -MMD -MP -MF"Core/Src/stm32f1xx_it.d" -MT"Core/Src/stm32f1xx_it.o" --specs=nano.specs -mfloat-abi=soft -mthumb -o "Core/Src/stm32f1xx_it.o"
arm-none-eabi-gcc "../Core/Src/syscalls.c" -mcpu=cortex-m3 -std=gnu11 -g3 -DDEBUG -DUSE_HAL_DRIVER -DSTM32F103xB -c -I../Core/Inc -I../Drivers/STM32F1xx_HAL_Driver/Inc -I../Drivers/STM32F1xx_HAL_Driver/Inc/Legacy -I../Drivers/CMSIS/Device/ST/STM32F1xx/Include -I../Drivers/CMSIS/Include -O0 -ffunction-sections -fdata-sections -Wall -fstack-usage -fcyclomatic-complexity -MMD -MP -MF"Core/Src/syscalls.d" -MT"Core/Src/syscalls.o" --specs=nano.specs -mfloat-abi=soft -mthumb -o "Core/Src/syscalls.o"
arm-none-eabi-gcc "../Core/Src/sysmem.c" -mcpu=cortex-m3 -std=gnu11 -g3 -DDEBUG -DUSE_HAL_DRIVER -DSTM32F103xB -c -I../Core/Inc -I../Drivers/STM32F1xx_HAL_Driver/Inc -I../Drivers/STM32F1xx_HAL_Driver/Inc/Legacy -I../Drivers/CMSIS/Device/ST/STM32F1xx/Include -I../Drivers/CMSIS/Include -O0 -ffunction-sections -fdata-sections -Wall -fstack-usage -fcyclomatic-complexity -MMD -MP -MF"Core/Src/sysmem.d" -MT"Core/Src/sysmem.o" --specs=nano.specs -mfloat-abi=soft -mthumb -o "Core/Src/sysmem.o"
arm-none-eabi-gcc "../Core/Src/system_stm32f1xx.c" -mcpu=cortex-m3 -std=gnu11 -g3 -DDEBUG -DUSE_HAL_DRIVER -DSTM32F103xB -c -I../Core/Inc -I../Drivers/STM32F1xx_HAL_Driver/Inc -I../Drivers/STM32F1xx_HAL_Driver/Inc/Legacy -I../Drivers/CMSIS/Device/ST/STM32F1xx/Include -I../Drivers/CMSIS/Include -O0 -ffunction-sections -fdata-sections -Wall -fstack-usage -fcyclomatic-complexity -MMD -MP -MF"Core/Src/system_stm32f1xx.d" -MT"Core/Src/system_stm32f1xx.o" --specs=nano.specs -mfloat-abi=soft -mthumb -o "Core/Src/system_stm32f1xx.o"
arm-none-eabi-gcc -o "00_CORTEX_10_NESTED_INTERRUPT_f103.elf" @"objects.list"   -mcpu=cortex-m3 -T"/Users/jinmin-u/STM32CubeIDE/workspace_1.19.0/00_CORTEX_10_NESTED_INTERRUPT_f103/STM32F103RBTX_FLASH.ld" --specs=nosys.specs -Wl,-Map="00_CORTEX_10_NESTED_INTERRUPT_f103.map" -Wl,--gc-sections -static --specs=nano.specs -mfloat-abi=soft -mthumb -Wl,--start-group -lc -lm -Wl,--end-group
/Applications/STM32CubeIDE.app/Contents/Eclipse/plugins/com.st.stm32cube.ide.mcu.externaltools.gnu-tools-for-stm32.13.3.rel1.macos64_1.0.0.202411102158/tools/bin/../lib/gcc/arm-none-eabi/13.3.1/../../../../arm-none-eabi/bin/ld: warning: 00_CORTEX_10_NESTED_INTERRUPT_f103.elf has a LOAD segment with RWX permissions
Finished building target: 00_CORTEX_10_NESTED_INTERRUPT_f103.elf
 
arm-none-eabi-size  00_CORTEX_10_NESTED_INTERRUPT_f103.elf 
arm-none-eabi-objdump -h -S 00_CORTEX_10_NESTED_INTERRUPT_f103.elf  > "00_CORTEX_10_NESTED_INTERRUPT_f103.list"
   text	   data	    bss	    dec	    hex	filename
  11132	    112	   1976	  13220	   33a4	00_CORTEX_10_NESTED_INTERRUPT_f103.elf
Finished building: default.size.stdout
 
Finished building: 00_CORTEX_10_NESTED_INTERRUPT_f103.list
 
17:50:50 **** Incremental Build of configuration Debug for project 00_CORTEX_10_NESTED_INTERRUPT_f103 ****
make -j7 all 
arm-none-eabi-size  00_CORTEX_10_NESTED_INTERRUPT_f103.elf 
   text	   data	    bss	    dec	    hex	filename
  11132	    112	   1976	  13220	   33a4	00_CORTEX_10_NESTED_INTERRUPT_f103.elf
Finished building: default.size.stdout
 
17:50:55 **** Incremental Build of configuration Debug for project 00_CORTEX_10_NESTED_INTERRUPT_f103 ****
make -j7 all 
arm-none-eabi-size  00_CORTEX_10_NESTED_INTERRUPT_f103.elf 
   text	   data	    bss	    dec	    hex	filename
  11132	    112	   1976	  13220	   33a4	00_CORTEX_10_NESTED_INTERRUPT_f103.elf
Finished building: default.size.stdout
 
18:07:00 **** Incremental Build of configuration Debug for project 00_CORTEX_10_NESTED_INTERRUPT_f103 ****
make -j7 all 
arm-none-eabi-gcc "../Core/Src/main.c" -mcpu=cortex-m3 -std=gnu11 -g3 -DDEBUG -DUSE_HAL_DRIVER -DSTM32F103xB -c -I../Core/Inc -I../Drivers/STM32F1xx_HAL_Driver/Inc -I../Drivers/STM32F1xx_HAL_Driver/Inc/Legacy -I../Drivers/CMSIS/Device/ST/STM32F1xx/Include -I../Drivers/CMSIS/Include -O0 -ffunction-sections -fdata-sections -Wall -fstack-usage -fcyclomatic-complexity -MMD -MP -MF"Core/Src/main.d" -MT"Core/Src/main.o" --specs=nano.specs -mfloat-abi=soft -mthumb -o "Core/Src/main.o"
arm-none-eabi-gcc "../Core/Src/stm32f1xx_it.c" -mcpu=cortex-m3 -std=gnu11 -g3 -DDEBUG -DUSE_HAL_DRIVER -DSTM32F103xB -c -I../Core/Inc -I../Drivers/STM32F1xx_HAL_Driver/Inc -I../Drivers/STM32F1xx_HAL_Driver/Inc/Legacy -I../Drivers/CMSIS/Device/ST/STM32F1xx/Include -I../Drivers/CMSIS/Include -O0 -ffunction-sections -fdata-sections -Wall -fstack-usage -fcyclomatic-complexity -MMD -MP -MF"Core/Src/stm32f1xx_it.d" -MT"Core/Src/stm32f1xx_it.o" --specs=nano.specs -mfloat-abi=soft -mthumb -o "Core/Src/stm32f1xx_it.o"
arm-none-eabi-gcc -o "00_CORTEX_10_NESTED_INTERRUPT_f103.elf" @"objects.list"   -mcpu=cortex-m3 -T"/Users/jinmin-u/STM32CubeIDE/workspace_1.19.0/00_CORTEX_10_NESTED_INTERRUPT_f103/STM32F103RBTX_FLASH.ld" --specs=nosys.specs -Wl,-Map="00_CORTEX_10_NESTED_INTERRUPT_f103.map" -Wl,--gc-sections -static --specs=nano.specs -mfloat-abi=soft -mthumb -Wl,--start-group -lc -lm -Wl,--end-group
/Applications/STM32CubeIDE.app/Contents/Eclipse/plugins/com.st.stm32cube.ide.mcu.externaltools.gnu-tools-for-stm32.13.3.rel1.macos64_1.0.0.202411102158/tools/bin/../lib/gcc/arm-none-eabi/13.3.1/../../../../arm-none-eabi/bin/ld: warning: 00_CORTEX_10_NESTED_INTERRUPT_f103.elf has a LOAD segment with RWX permissions
Finished building target: 00_CORTEX_10_NESTED_INTERRUPT_f103.elf
 
arm-none-eabi-size  00_CORTEX_10_NESTED_INTERRUPT_f103.elf 
arm-none-eabi-objdump -h -S 00_CORTEX_10_NESTED_INTERRUPT_f103.elf  > "00_CORTEX_10_NESTED_INTERRUPT_f103.list"
   text	   data	    bss	    dec	    hex	filename
  11164	    112	   1976	  13252	   33c4	00_CORTEX_10_NESTED_INTERRUPT_f103.elf
Finished building: default.size.stdout
 
Finished building: 00_CORTEX_10_NESTED_INTERRUPT_f103.list
 
18:48:10 **** Build of configuration Debug for project 00_CORTEX_12_PRINTF_f103 ****
make -j7 all 
arm-none-eabi-gcc "../Drivers/STM32F1xx_HAL_Driver/Src/stm32f1xx_hal.c" -mcpu=cortex-m3 -std=gnu11 -g3 -DDEBUG -DUSE_HAL_DRIVER -DSTM32F103xB -c -I../Core/Inc -I../Drivers/STM32F1xx_HAL_Driver/Inc -I../Drivers/STM32F1xx_HAL_Driver/Inc/Legacy -I../Drivers/CMSIS/Device/ST/STM32F1xx/Include -I../Drivers/CMSIS/Include -O0 -ffunction-sections -fdata-sections -Wall -fstack-usage -fcyclomatic-complexity -MMD -MP -MF"Drivers/STM32F1xx_HAL_Driver/Src/stm32f1xx_hal.d" -MT"Drivers/STM32F1xx_HAL_Driver/Src/stm32f1xx_hal.o" --specs=nano.specs -mfloat-abi=soft -mthumb -o "Drivers/STM32F1xx_HAL_Driver/Src/stm32f1xx_hal.o"
arm-none-eabi-gcc "../Drivers/STM32F1xx_HAL_Driver/Src/stm32f1xx_hal_cortex.c" -mcpu=cortex-m3 -std=gnu11 -g3 -DDEBUG -DUSE_HAL_DRIVER -DSTM32F103xB -c -I../Core/Inc -I../Drivers/STM32F1xx_HAL_Driver/Inc -I../Drivers/STM32F1xx_HAL_Driver/Inc/Legacy -I../Drivers/CMSIS/Device/ST/STM32F1xx/Include -I../Drivers/CMSIS/Include -O0 -ffunction-sections -fdata-sections -Wall -fstack-usage -fcyclomatic-complexity -MMD -MP -MF"Drivers/STM32F1xx_HAL_Driver/Src/stm32f1xx_hal_cortex.d" -MT"Drivers/STM32F1xx_HAL_Driver/Src/stm32f1xx_hal_cortex.o" --specs=nano.specs -mfloat-abi=soft -mthumb -o "Drivers/STM32F1xx_HAL_Driver/Src/stm32f1xx_hal_cortex.o"
arm-none-eabi-gcc "../Drivers/STM32F1xx_HAL_Driver/Src/stm32f1xx_hal_dma.c" -mcpu=cortex-m3 -std=gnu11 -g3 -DDEBUG -DUSE_HAL_DRIVER -DSTM32F103xB -c -I../Core/Inc -I../Drivers/STM32F1xx_HAL_Driver/Inc -I../Drivers/STM32F1xx_HAL_Driver/Inc/Legacy -I../Drivers/CMSIS/Device/ST/STM32F1xx/Include -I../Drivers/CMSIS/Include -O0 -ffunction-sections -fdata-sections -Wall -fstack-usage -fcyclomatic-complexity -MMD -MP -MF"Drivers/STM32F1xx_HAL_Driver/Src/stm32f1xx_hal_dma.d" -MT"Drivers/STM32F1xx_HAL_Driver/Src/stm32f1xx_hal_dma.o" --specs=nano.specs -mfloat-abi=soft -mthumb -o "Drivers/STM32F1xx_HAL_Driver/Src/stm32f1xx_hal_dma.o"
arm-none-eabi-gcc "../Drivers/STM32F1xx_HAL_Driver/Src/stm32f1xx_hal_exti.c" -mcpu=cortex-m3 -std=gnu11 -g3 -DDEBUG -DUSE_HAL_DRIVER -DSTM32F103xB -c -I../Core/Inc -I../Drivers/STM32F1xx_HAL_Driver/Inc -I../Drivers/STM32F1xx_HAL_Driver/Inc/Legacy -I../Drivers/CMSIS/Device/ST/STM32F1xx/Include -I../Drivers/CMSIS/Include -O0 -ffunction-sections -fdata-sections -Wall -fstack-usage -fcyclomatic-complexity -MMD -MP -MF"Drivers/STM32F1xx_HAL_Driver/Src/stm32f1xx_hal_exti.d" -MT"Drivers/STM32F1xx_HAL_Driver/Src/stm32f1xx_hal_exti.o" --specs=nano.specs -mfloat-abi=soft -mthumb -o "Drivers/STM32F1xx_HAL_Driver/Src/stm32f1xx_hal_exti.o"
arm-none-eabi-gcc "../Drivers/STM32F1xx_HAL_Driver/Src/stm32f1xx_hal_flash.c" -mcpu=cortex-m3 -std=gnu11 -g3 -DDEBUG -DUSE_HAL_DRIVER -DSTM32F103xB -c -I../Core/Inc -I../Drivers/STM32F1xx_HAL_Driver/Inc -I../Drivers/STM32F1xx_HAL_Driver/Inc/Legacy -I../Drivers/CMSIS/Device/ST/STM32F1xx/Include -I../Drivers/CMSIS/Include -O0 -ffunction-sections -fdata-sections -Wall -fstack-usage -fcyclomatic-complexity -MMD -MP -MF"Drivers/STM32F1xx_HAL_Driver/Src/stm32f1xx_hal_flash.d" -MT"Drivers/STM32F1xx_HAL_Driver/Src/stm32f1xx_hal_flash.o" --specs=nano.specs -mfloat-abi=soft -mthumb -o "Drivers/STM32F1xx_HAL_Driver/Src/stm32f1xx_hal_flash.o"
arm-none-eabi-gcc "../Drivers/STM32F1xx_HAL_Driver/Src/stm32f1xx_hal_flash_ex.c" -mcpu=cortex-m3 -std=gnu11 -g3 -DDEBUG -DUSE_HAL_DRIVER -DSTM32F103xB -c -I../Core/Inc -I../Drivers/STM32F1xx_HAL_Driver/Inc -I../Drivers/STM32F1xx_HAL_Driver/Inc/Legacy -I../Drivers/CMSIS/Device/ST/STM32F1xx/Include -I../Drivers/CMSIS/Include -O0 -ffunction-sections -fdata-sections -Wall -fstack-usage -fcyclomatic-complexity -MMD -MP -MF"Drivers/STM32F1xx_HAL_Driver/Src/stm32f1xx_hal_flash_ex.d" -MT"Drivers/STM32F1xx_HAL_Driver/Src/stm32f1xx_hal_flash_ex.o" --specs=nano.specs -mfloat-abi=soft -mthumb -o "Drivers/STM32F1xx_HAL_Driver/Src/stm32f1xx_hal_flash_ex.o"
arm-none-eabi-gcc "../Drivers/STM32F1xx_HAL_Driver/Src/stm32f1xx_hal_gpio.c" -mcpu=cortex-m3 -std=gnu11 -g3 -DDEBUG -DUSE_HAL_DRIVER -DSTM32F103xB -c -I../Core/Inc -I../Drivers/STM32F1xx_HAL_Driver/Inc -I../Drivers/STM32F1xx_HAL_Driver/Inc/Legacy -I../Drivers/CMSIS/Device/ST/STM32F1xx/Include -I../Drivers/CMSIS/Include -O0 -ffunction-sections -fdata-sections -Wall -fstack-usage -fcyclomatic-complexity -MMD -MP -MF"Drivers/STM32F1xx_HAL_Driver/Src/stm32f1xx_hal_gpio.d" -MT"Drivers/STM32F1xx_HAL_Driver/Src/stm32f1xx_hal_gpio.o" --specs=nano.specs -mfloat-abi=soft -mthumb -o "Drivers/STM32F1xx_HAL_Driver/Src/stm32f1xx_hal_gpio.o"
arm-none-eabi-gcc "../Drivers/STM32F1xx_HAL_Driver/Src/stm32f1xx_hal_gpio_ex.c" -mcpu=cortex-m3 -std=gnu11 -g3 -DDEBUG -DUSE_HAL_DRIVER -DSTM32F103xB -c -I../Core/Inc -I../Drivers/STM32F1xx_HAL_Driver/Inc -I../Drivers/STM32F1xx_HAL_Driver/Inc/Legacy -I../Drivers/CMSIS/Device/ST/STM32F1xx/Include -I../Drivers/CMSIS/Include -O0 -ffunction-sections -fdata-sections -Wall -fstack-usage -fcyclomatic-complexity -MMD -MP -MF"Drivers/STM32F1xx_HAL_Driver/Src/stm32f1xx_hal_gpio_ex.d" -MT"Drivers/STM32F1xx_HAL_Driver/Src/stm32f1xx_hal_gpio_ex.o" --specs=nano.specs -mfloat-abi=soft -mthumb -o "Drivers/STM32F1xx_HAL_Driver/Src/stm32f1xx_hal_gpio_ex.o"
arm-none-eabi-gcc "../Drivers/STM32F1xx_HAL_Driver/Src/stm32f1xx_hal_pwr.c" -mcpu=cortex-m3 -std=gnu11 -g3 -DDEBUG -DUSE_HAL_DRIVER -DSTM32F103xB -c -I../Core/Inc -I../Drivers/STM32F1xx_HAL_Driver/Inc -I../Drivers/STM32F1xx_HAL_Driver/Inc/Legacy -I../Drivers/CMSIS/Device/ST/STM32F1xx/Include -I../Drivers/CMSIS/Include -O0 -ffunction-sections -fdata-sections -Wall -fstack-usage -fcyclomatic-complexity -MMD -MP -MF"Drivers/STM32F1xx_HAL_Driver/Src/stm32f1xx_hal_pwr.d" -MT"Drivers/STM32F1xx_HAL_Driver/Src/stm32f1xx_hal_pwr.o" --specs=nano.specs -mfloat-abi=soft -mthumb -o "Drivers/STM32F1xx_HAL_Driver/Src/stm32f1xx_hal_pwr.o"
arm-none-eabi-gcc "../Drivers/STM32F1xx_HAL_Driver/Src/stm32f1xx_hal_rcc.c" -mcpu=cortex-m3 -std=gnu11 -g3 -DDEBUG -DUSE_HAL_DRIVER -DSTM32F103xB -c -I../Core/Inc -I../Drivers/STM32F1xx_HAL_Driver/Inc -I../Drivers/STM32F1xx_HAL_Driver/Inc/Legacy -I../Drivers/CMSIS/Device/ST/STM32F1xx/Include -I../Drivers/CMSIS/Include -O0 -ffunction-sections -fdata-sections -Wall -fstack-usage -fcyclomatic-complexity -MMD -MP -MF"Drivers/STM32F1xx_HAL_Driver/Src/stm32f1xx_hal_rcc.d" -MT"Drivers/STM32F1xx_HAL_Driver/Src/stm32f1xx_hal_rcc.o" --specs=nano.specs -mfloat-abi=soft -mthumb -o "Drivers/STM32F1xx_HAL_Driver/Src/stm32f1xx_hal_rcc.o"
arm-none-eabi-gcc "../Drivers/STM32F1xx_HAL_Driver/Src/stm32f1xx_hal_rcc_ex.c" -mcpu=cortex-m3 -std=gnu11 -g3 -DDEBUG -DUSE_HAL_DRIVER -DSTM32F103xB -c -I../Core/Inc -I../Drivers/STM32F1xx_HAL_Driver/Inc -I../Drivers/STM32F1xx_HAL_Driver/Inc/Legacy -I../Drivers/CMSIS/Device/ST/STM32F1xx/Include -I../Drivers/CMSIS/Include -O0 -ffunction-sections -fdata-sections -Wall -fstack-usage -fcyclomatic-complexity -MMD -MP -MF"Drivers/STM32F1xx_HAL_Driver/Src/stm32f1xx_hal_rcc_ex.d" -MT"Drivers/STM32F1xx_HAL_Driver/Src/stm32f1xx_hal_rcc_ex.o" --specs=nano.specs -mfloat-abi=soft -mthumb -o "Drivers/STM32F1xx_HAL_Driver/Src/stm32f1xx_hal_rcc_ex.o"
arm-none-eabi-gcc "../Drivers/STM32F1xx_HAL_Driver/Src/stm32f1xx_hal_tim.c" -mcpu=cortex-m3 -std=gnu11 -g3 -DDEBUG -DUSE_HAL_DRIVER -DSTM32F103xB -c -I../Core/Inc -I../Drivers/STM32F1xx_HAL_Driver/Inc -I../Drivers/STM32F1xx_HAL_Driver/Inc/Legacy -I../Drivers/CMSIS/Device/ST/STM32F1xx/Include -I../Drivers/CMSIS/Include -O0 -ffunction-sections -fdata-sections -Wall -fstack-usage -fcyclomatic-complexity -MMD -MP -MF"Drivers/STM32F1xx_HAL_Driver/Src/stm32f1xx_hal_tim.d" -MT"Drivers/STM32F1xx_HAL_Driver/Src/stm32f1xx_hal_tim.o" --specs=nano.specs -mfloat-abi=soft -mthumb -o "Drivers/STM32F1xx_HAL_Driver/Src/stm32f1xx_hal_tim.o"
arm-none-eabi-gcc "../Drivers/STM32F1xx_HAL_Driver/Src/stm32f1xx_hal_tim_ex.c" -mcpu=cortex-m3 -std=gnu11 -g3 -DDEBUG -DUSE_HAL_DRIVER -DSTM32F103xB -c -I../Core/Inc -I../Drivers/STM32F1xx_HAL_Driver/Inc -I../Drivers/STM32F1xx_HAL_Driver/Inc/Legacy -I../Drivers/CMSIS/Device/ST/STM32F1xx/Include -I../Drivers/CMSIS/Include -O0 -ffunction-sections -fdata-sections -Wall -fstack-usage -fcyclomatic-complexity -MMD -MP -MF"Drivers/STM32F1xx_HAL_Driver/Src/stm32f1xx_hal_tim_ex.d" -MT"Drivers/STM32F1xx_HAL_Driver/Src/stm32f1xx_hal_tim_ex.o" --specs=nano.specs -mfloat-abi=soft -mthumb -o "Drivers/STM32F1xx_HAL_Driver/Src/stm32f1xx_hal_tim_ex.o"
arm-none-eabi-gcc "../Drivers/STM32F1xx_HAL_Driver/Src/stm32f1xx_hal_uart.c" -mcpu=cortex-m3 -std=gnu11 -g3 -DDEBUG -DUSE_HAL_DRIVER -DSTM32F103xB -c -I../Core/Inc -I../Drivers/STM32F1xx_HAL_Driver/Inc -I../Drivers/STM32F1xx_HAL_Driver/Inc/Legacy -I../Drivers/CMSIS/Device/ST/STM32F1xx/Include -I../Drivers/CMSIS/Include -O0 -ffunction-sections -fdata-sections -Wall -fstack-usage -fcyclomatic-complexity -MMD -MP -MF"Drivers/STM32F1xx_HAL_Driver/Src/stm32f1xx_hal_uart.d" -MT"Drivers/STM32F1xx_HAL_Driver/Src/stm32f1xx_hal_uart.o" --specs=nano.specs -mfloat-abi=soft -mthumb -o "Drivers/STM32F1xx_HAL_Driver/Src/stm32f1xx_hal_uart.o"
arm-none-eabi-gcc -mcpu=cortex-m3 -g3 -DDEBUG -c -x assembler-with-cpp -MMD -MP -MF"Core/Startup/startup_stm32f103rbtx.d" -MT"Core/Startup/startup_stm32f103rbtx.o" --specs=nano.specs -mfloat-abi=soft -mthumb -o "Core/Startup/startup_stm32f103rbtx.o" "../Core/Startup/startup_stm32f103rbtx.s"
arm-none-eabi-gcc "../Core/Src/main.c" -mcpu=cortex-m3 -std=gnu11 -g3 -DDEBUG -DUSE_HAL_DRIVER -DSTM32F103xB -c -I../Core/Inc -I../Drivers/STM32F1xx_HAL_Driver/Inc -I../Drivers/STM32F1xx_HAL_Driver/Inc/Legacy -I../Drivers/CMSIS/Device/ST/STM32F1xx/Include -I../Drivers/CMSIS/Include -O0 -ffunction-sections -fdata-sections -Wall -fstack-usage -fcyclomatic-complexity -MMD -MP -MF"Core/Src/main.d" -MT"Core/Src/main.o" --specs=nano.specs -mfloat-abi=soft -mthumb -o "Core/Src/main.o"
arm-none-eabi-gcc "../Core/Src/stm32f1xx_hal_msp.c" -mcpu=cortex-m3 -std=gnu11 -g3 -DDEBUG -DUSE_HAL_DRIVER -DSTM32F103xB -c -I../Core/Inc -I../Drivers/STM32F1xx_HAL_Driver/Inc -I../Drivers/STM32F1xx_HAL_Driver/Inc/Legacy -I../Drivers/CMSIS/Device/ST/STM32F1xx/Include -I../Drivers/CMSIS/Include -O0 -ffunction-sections -fdata-sections -Wall -fstack-usage -fcyclomatic-complexity -MMD -MP -MF"Core/Src/stm32f1xx_hal_msp.d" -MT"Core/Src/stm32f1xx_hal_msp.o" --specs=nano.specs -mfloat-abi=soft -mthumb -o "Core/Src/stm32f1xx_hal_msp.o"
arm-none-eabi-gcc "../Core/Src/stm32f1xx_it.c" -mcpu=cortex-m3 -std=gnu11 -g3 -DDEBUG -DUSE_HAL_DRIVER -DSTM32F103xB -c -I../Core/Inc -I../Drivers/STM32F1xx_HAL_Driver/Inc -I../Drivers/STM32F1xx_HAL_Driver/Inc/Legacy -I../Drivers/CMSIS/Device/ST/STM32F1xx/Include -I../Drivers/CMSIS/Include -O0 -ffunction-sections -fdata-sections -Wall -fstack-usage -fcyclomatic-complexity -MMD -MP -MF"Core/Src/stm32f1xx_it.d" -MT"Core/Src/stm32f1xx_it.o" --specs=nano.specs -mfloat-abi=soft -mthumb -o "Core/Src/stm32f1xx_it.o"
arm-none-eabi-gcc "../Core/Src/syscalls.c" -mcpu=cortex-m3 -std=gnu11 -g3 -DDEBUG -DUSE_HAL_DRIVER -DSTM32F103xB -c -I../Core/Inc -I../Drivers/STM32F1xx_HAL_Driver/Inc -I../Drivers/STM32F1xx_HAL_Driver/Inc/Legacy -I../Drivers/CMSIS/Device/ST/STM32F1xx/Include -I../Drivers/CMSIS/Include -O0 -ffunction-sections -fdata-sections -Wall -fstack-usage -fcyclomatic-complexity -MMD -MP -MF"Core/Src/syscalls.d" -MT"Core/Src/syscalls.o" --specs=nano.specs -mfloat-abi=soft -mthumb -o "Core/Src/syscalls.o"
arm-none-eabi-gcc "../Core/Src/sysmem.c" -mcpu=cortex-m3 -std=gnu11 -g3 -DDEBUG -DUSE_HAL_DRIVER -DSTM32F103xB -c -I../Core/Inc -I../Drivers/STM32F1xx_HAL_Driver/Inc -I../Drivers/STM32F1xx_HAL_Driver/Inc/Legacy -I../Drivers/CMSIS/Device/ST/STM32F1xx/Include -I../Drivers/CMSIS/Include -O0 -ffunction-sections -fdata-sections -Wall -fstack-usage -fcyclomatic-complexity -MMD -MP -MF"Core/Src/sysmem.d" -MT"Core/Src/sysmem.o" --specs=nano.specs -mfloat-abi=soft -mthumb -o "Core/Src/sysmem.o"
arm-none-eabi-gcc "../Core/Src/system_stm32f1xx.c" -mcpu=cortex-m3 -std=gnu11 -g3 -DDEBUG -DUSE_HAL_DRIVER -DSTM32F103xB -c -I../Core/Inc -I../Drivers/STM32F1xx_HAL_Driver/Inc -I../Drivers/STM32F1xx_HAL_Driver/Inc/Legacy -I../Drivers/CMSIS/Device/ST/STM32F1xx/Include -I../Drivers/CMSIS/Include -O0 -ffunction-sections -fdata-sections -Wall -fstack-usage -fcyclomatic-complexity -MMD -MP -MF"Core/Src/system_stm32f1xx.d" -MT"Core/Src/system_stm32f1xx.o" --specs=nano.specs -mfloat-abi=soft -mthumb -o "Core/Src/system_stm32f1xx.o"
../Core/Src/main.c: In function 'main':
../Core/Src/main.c:113:51: warning: implicit declaration of function 'strlen' [-Wimplicit-function-declaration]
  113 |         HAL_UART_Transmit(&huart2, (uint8_t*)str, strlen(str), HAL_MAX_DELAY);
      |                                                   ^~~~~~
../Core/Src/main.c:25:1: note: include '<string.h>' or provide a declaration of 'strlen'
   24 | #include <stdio.h>
  +++ |+#include <string.h>
   25 | 
../Core/Src/main.c:113:51: warning: incompatible implicit declaration of built-in function 'strlen' [-Wbuiltin-declaration-mismatch]
  113 |         HAL_UART_Transmit(&huart2, (uint8_t*)str, strlen(str), HAL_MAX_DELAY);
      |                                                   ^~~~~~
../Core/Src/main.c:113:51: note: include '<string.h>' or provide a declaration of 'strlen'
arm-none-eabi-gcc -o "00_CORTEX_12_PRINTF_f103.elf" @"objects.list"   -mcpu=cortex-m3 -T"/Users/jinmin-u/STM32CubeIDE/workspace_1.19.0/00_CORTEX_12_PRINTF_f103/STM32F103RBTX_FLASH.ld" --specs=nosys.specs -Wl,-Map="00_CORTEX_12_PRINTF_f103.map" -Wl,--gc-sections -static --specs=nano.specs -mfloat-abi=soft -mthumb -Wl,--start-group -lc -lm -Wl,--end-group
/Applications/STM32CubeIDE.app/Contents/Eclipse/plugins/com.st.stm32cube.ide.mcu.externaltools.gnu-tools-for-stm32.13.3.rel1.macos64_1.0.0.202411102158/tools/bin/../lib/gcc/arm-none-eabi/13.3.1/../../../../arm-none-eabi/bin/ld: warning: 00_CORTEX_12_PRINTF_f103.elf has a LOAD segment with RWX permissions
Finished building target: 00_CORTEX_12_PRINTF_f103.elf
 
arm-none-eabi-size  00_CORTEX_12_PRINTF_f103.elf 
arm-none-eabi-objdump -h -S 00_CORTEX_12_PRINTF_f103.elf  > "00_CORTEX_12_PRINTF_f103.list"
   text	   data	    bss	    dec	    hex	filename
   9116	    112	   1976	  11204	   2bc4	00_CORTEX_12_PRINTF_f103.elf
Finished building: default.size.stdout
 
Finished building: 00_CORTEX_12_PRINTF_f103.list
 
